Archive member included to satisfy reference by file (symbol)

C:/ST/STM32CubeIDE_2.0.0/STM32CubeIDE/plugins/com.st.stm32cube.ide.mcu.externaltools.gnu-tools-for-stm32.13.3.rel1.win32_1.0.100.202509120712/tools/bin/../lib/gcc/arm-none-eabi/13.3.1/../../../../arm-none-eabi/lib/thumb/v7-m/nofp\libc_nano.a(libc_a-exit.o)
                              C:/ST/STM32CubeIDE_2.0.0/STM32CubeIDE/plugins/com.st.stm32cube.ide.mcu.externaltools.gnu-tools-for-stm32.13.3.rel1.win32_1.0.100.202509120712/tools/bin/../lib/gcc/arm-none-eabi/13.3.1/../../../../arm-none-eabi/lib/thumb/v7-m/nofp/crt0.o (exit)
C:/ST/STM32CubeIDE_2.0.0/STM32CubeIDE/plugins/com.st.stm32cube.ide.mcu.externaltools.gnu-tools-for-stm32.13.3.rel1.win32_1.0.100.202509120712/tools/bin/../lib/gcc/arm-none-eabi/13.3.1/../../../../arm-none-eabi/lib/thumb/v7-m/nofp\libc_nano.a(libc_a-findfp.o)
                              C:/ST/STM32CubeIDE_2.0.0/STM32CubeIDE/plugins/com.st.stm32cube.ide.mcu.externaltools.gnu-tools-for-stm32.13.3.rel1.win32_1.0.100.202509120712/tools/bin/../lib/gcc/arm-none-eabi/13.3.1/../../../../arm-none-eabi/lib/thumb/v7-m/nofp\libc_nano.a(libc_a-exit.o) (__stdio_exit_handler)
C:/ST/STM32CubeIDE_2.0.0/STM32CubeIDE/plugins/com.st.stm32cube.ide.mcu.externaltools.gnu-tools-for-stm32.13.3.rel1.win32_1.0.100.202509120712/tools/bin/../lib/gcc/arm-none-eabi/13.3.1/../../../../arm-none-eabi/lib/thumb/v7-m/nofp\libc_nano.a(libc_a-fwalk.o)
                              C:/ST/STM32CubeIDE_2.0.0/STM32CubeIDE/plugins/com.st.stm32cube.ide.mcu.externaltools.gnu-tools-for-stm32.13.3.rel1.win32_1.0.100.202509120712/tools/bin/../lib/gcc/arm-none-eabi/13.3.1/../../../../arm-none-eabi/lib/thumb/v7-m/nofp\libc_nano.a(libc_a-findfp.o) (_fwalk_sglue)
C:/ST/STM32CubeIDE_2.0.0/STM32CubeIDE/plugins/com.st.stm32cube.ide.mcu.externaltools.gnu-tools-for-stm32.13.3.rel1.win32_1.0.100.202509120712/tools/bin/../lib/gcc/arm-none-eabi/13.3.1/../../../../arm-none-eabi/lib/thumb/v7-m/nofp\libc_nano.a(libc_a-stdio.o)
                              C:/ST/STM32CubeIDE_2.0.0/STM32CubeIDE/plugins/com.st.stm32cube.ide.mcu.externaltools.gnu-tools-for-stm32.13.3.rel1.win32_1.0.100.202509120712/tools/bin/../lib/gcc/arm-none-eabi/13.3.1/../../../../arm-none-eabi/lib/thumb/v7-m/nofp\libc_nano.a(libc_a-findfp.o) (__sread)
C:/ST/STM32CubeIDE_2.0.0/STM32CubeIDE/plugins/com.st.stm32cube.ide.mcu.externaltools.gnu-tools-for-stm32.13.3.rel1.win32_1.0.100.202509120712/tools/bin/../lib/gcc/arm-none-eabi/13.3.1/../../../../arm-none-eabi/lib/thumb/v7-m/nofp\libc_nano.a(libc_a-memset.o)
                              C:/ST/STM32CubeIDE_2.0.0/STM32CubeIDE/plugins/com.st.stm32cube.ide.mcu.externaltools.gnu-tools-for-stm32.13.3.rel1.win32_1.0.100.202509120712/tools/bin/../lib/gcc/arm-none-eabi/13.3.1/../../../../arm-none-eabi/lib/thumb/v7-m/nofp/crt0.o (memset)
C:/ST/STM32CubeIDE_2.0.0/STM32CubeIDE/plugins/com.st.stm32cube.ide.mcu.externaltools.gnu-tools-for-stm32.13.3.rel1.win32_1.0.100.202509120712/tools/bin/../lib/gcc/arm-none-eabi/13.3.1/../../../../arm-none-eabi/lib/thumb/v7-m/nofp\libc_nano.a(libc_a-strncpy.o)
                              ./Core/Src/main.o (strncpy)
C:/ST/STM32CubeIDE_2.0.0/STM32CubeIDE/plugins/com.st.stm32cube.ide.mcu.externaltools.gnu-tools-for-stm32.13.3.rel1.win32_1.0.100.202509120712/tools/bin/../lib/gcc/arm-none-eabi/13.3.1/../../../../arm-none-eabi/lib/thumb/v7-m/nofp\libc_nano.a(libc_a-closer.o)
                              C:/ST/STM32CubeIDE_2.0.0/STM32CubeIDE/plugins/com.st.stm32cube.ide.mcu.externaltools.gnu-tools-for-stm32.13.3.rel1.win32_1.0.100.202509120712/tools/bin/../lib/gcc/arm-none-eabi/13.3.1/../../../../arm-none-eabi/lib/thumb/v7-m/nofp\libc_nano.a(libc_a-stdio.o) (_close_r)
C:/ST/STM32CubeIDE_2.0.0/STM32CubeIDE/plugins/com.st.stm32cube.ide.mcu.externaltools.gnu-tools-for-stm32.13.3.rel1.win32_1.0.100.202509120712/tools/bin/../lib/gcc/arm-none-eabi/13.3.1/../../../../arm-none-eabi/lib/thumb/v7-m/nofp\libc_nano.a(libc_a-reent.o)
                              C:/ST/STM32CubeIDE_2.0.0/STM32CubeIDE/plugins/com.st.stm32cube.ide.mcu.externaltools.gnu-tools-for-stm32.13.3.rel1.win32_1.0.100.202509120712/tools/bin/../lib/gcc/arm-none-eabi/13.3.1/../../../../arm-none-eabi/lib/thumb/v7-m/nofp\libc_nano.a(libc_a-closer.o) (errno)
C:/ST/STM32CubeIDE_2.0.0/STM32CubeIDE/plugins/com.st.stm32cube.ide.mcu.externaltools.gnu-tools-for-stm32.13.3.rel1.win32_1.0.100.202509120712/tools/bin/../lib/gcc/arm-none-eabi/13.3.1/../../../../arm-none-eabi/lib/thumb/v7-m/nofp\libc_nano.a(libc_a-impure.o)
                              C:/ST/STM32CubeIDE_2.0.0/STM32CubeIDE/plugins/com.st.stm32cube.ide.mcu.externaltools.gnu-tools-for-stm32.13.3.rel1.win32_1.0.100.202509120712/tools/bin/../lib/gcc/arm-none-eabi/13.3.1/../../../../arm-none-eabi/lib/thumb/v7-m/nofp\libc_nano.a(libc_a-reent.o) (_impure_ptr)
[...]
Memory Configuration

Name             Origin             Length             Attributes
RAM              0x20000000         0x00005000         xrw
FLASH            0x08000000         0x00010000         xr
*default*        0x00000000         0xffffffff

Linker script and memory map

LOAD C:/ST/STM32CubeIDE_2.0.0/STM32CubeIDE/plugins/com.st.stm32cube.ide.mcu.externaltools.gnu-tools-for-stm32.13.3.rel1.win32_1.0.100.202509120712/tools/bin/../lib/gcc/arm-none-eabi/13.3.1/thumb/v7-m/nofp/crti.o
LOAD C:/ST/STM32CubeIDE_2.0.0/STM32CubeIDE/plugins/com.st.stm32cube.ide.mcu.externaltools.gnu-tools-for-stm32.13.3.rel1.win32_1.0.100.202509120712/tools/bin/../lib/gcc/arm-none-eabi/13.3.1/thumb/v7-m/nofp/crtbegin.o
LOAD C:/ST/STM32CubeIDE_2.0.0/STM32CubeIDE/plugins/com.st.stm32cube.ide.mcu.externaltools.gnu-tools-for-stm32.13.3.rel1.win32_1.0.100.202509120712/tools/bin/../lib/gcc/arm-none-eabi/13.3.1/../../../../arm-none-eabi/lib/thumb/v7-m/nofp/crt0.o
LOAD ./Core/Src/SH1106.o
LOAD ./Core/Src/fonts.o
LOAD ./Core/Src/gpio.o
LOAD ./Core/Src/i2c.o
LOAD ./Core/Src/main.o
LOAD ./Core/Src/stm32f1xx_hal_msp.o
LOAD ./Core/Src/stm32f1xx_it.o
LOAD ./Core/Src/syscalls.o
LOAD ./Core/Src/sysmem.o
LOAD ./Core/Src/system_stm32f1xx.o
LOAD ./Core/Src/usart.o
LOAD ./Core/Src/usb.o
LOAD ./Core/Startup/startup_stm32f103c8tx.o
LOAD ./Drivers/STM32F1xx_HAL_Driver/Src/stm32f1xx_hal.o
LOAD ./Drivers/STM32F1xx_HAL_Driver/Src/stm32f1xx_hal_cortex.o
LOAD ./Drivers/STM32F1xx_HAL_Driver/Src/stm32f1xx_hal_dma.o
LOAD ./Drivers/STM32F1xx_HAL_Driver/Src/stm32f1xx_hal_exti.o
LOAD ./Drivers/STM32F1xx_HAL_Driver/Src/stm32f1xx_hal_flash.o
LOAD ./Drivers/STM32F1xx_HAL_Driver/Src/stm32f1xx_hal_flash_ex.o
LOAD ./Drivers/STM32F1xx_HAL_Driver/Src/stm32f1xx_hal_gpio.o
LOAD ./Drivers/STM32F1xx_HAL_Driver/Src/stm32f1xx_hal_gpio_ex.o
LOAD ./Drivers/STM32F1xx_HAL_Driver/Src/stm32f1xx_hal_i2c.o
LOAD ./Drivers/STM32F1xx_HAL_Driver/Src/stm32f1xx_hal_pcd.o
LOAD ./Drivers/STM32F1xx_HAL_Driver/Src/stm32f1xx_hal_pcd_ex.o
LOAD ./Drivers/STM32F1xx_HAL_Driver/Src/stm32f1xx_hal_pwr.o
LOAD ./Drivers/STM32F1xx_HAL_Driver/Src/stm32f1xx_hal_rcc.o
LOAD ./Drivers/STM32F1xx_HAL_Driver/Src/stm32f1xx_hal_rcc_ex.o
LOAD ./Drivers/STM32F1xx_HAL_Driver/Src/stm32f1xx_hal_uart.o
LOAD ./Drivers/STM32F1xx_HAL_Driver/Src/stm32f1xx_ll_usb.o
START GROUP
LOAD C:/ST/STM32CubeIDE_2.0.0/STM32CubeIDE/plugins/com.st.stm32cube.ide.mcu.externaltools.gnu-tools-for-stm32.13.3.rel1.win32_1.0.100.202509120712/tools/bin/../lib/gcc/arm-none-eabi/13.3.1/../../../../arm-none-eabi/lib/thumb/v7-m/nofp\libc_nano.a
LOAD C:/ST/STM32CubeIDE_2.0.0/STM32CubeIDE/plugins/com.st.stm32cube.ide.mcu.externaltools.gnu-tools-for-stm32.13.3.rel1.win32_1.0.100.202509120712/tools/bin/../lib/gcc/arm-none-eabi/13.3.1/../../../../arm-none-eabi/lib/thumb/v7-m/nofp\libm.a
END GROUP
START GROUP
LOAD C:/ST/STM32CubeIDE_2.0.0/STM32CubeIDE/plugins/com.st.stm32cube.ide.mcu.externaltools.gnu-tools-for-stm32.13.3.rel1.win32_1.0.100.202509120712/tools/bin/../lib/gcc/arm-none-eabi/13.3.1/thumb/v7-m/nofp\libgcc.a
LOAD C:/ST/STM32CubeIDE_2.0.0/STM32CubeIDE/plugins/com.st.stm32cube.ide.mcu.externaltools.gnu-tools-for-stm32.13.3.rel1.win32_1.0.100.202509120712/tools/bin/../lib/gcc/arm-none-eabi/13.3.1/../../../../arm-none-eabi/lib/thumb/v7-m/nofp\libc_nano.a
END GROUP
START GROUP
LOAD C:/ST/STM32CubeIDE_2.0.0/STM32CubeIDE/plugins/com.st.stm32cube.ide.mcu.externaltools.gnu-tools-for-stm32.13.3.rel1.win32_1.0.100.202509120712/tools/bin/../lib/gcc/arm-none-eabi/13.3.1/thumb/v7-m/nofp\libgcc.a
LOAD C:/ST/STM32CubeIDE_2.0.0/STM32CubeIDE/plugins/com.st.stm32cube.ide.mcu.externaltools.gnu-tools-for-stm32.13.3.rel1.win32_1.0.100.202509120712/tools/bin/../lib/gcc/arm-none-eabi/13.3.1/../../../../arm-none-eabi/lib/thumb/v7-m/nofp\libc_nano.a
LOAD C:/ST/STM32CubeIDE_2.0.0/STM32CubeIDE/plugins/com.st.stm32cube.ide.mcu.externaltools.gnu-tools-for-stm32.13.3.rel1.win32_1.0.100.202509120712/tools/bin/../lib/gcc/arm-none-eabi/13.3.1/../../../../arm-none-eabi/lib/thumb/v7-m/nofp\libnosys.a
END GROUP
START GROUP
LOAD C:/ST/STM32CubeIDE_2.0.0/STM32CubeIDE/plugins/com.st.stm32cube.ide.mcu.externaltools.gnu-tools-for-stm32.13.3.rel1.win32_1.0.100.202509120712/tools/bin/../lib/gcc/arm-none-eabi/13.3.1/thumb/v7-m/nofp\libgcc.a
LOAD C:/ST/STM32CubeIDE_2.0.0/STM32CubeIDE/plugins/com.st.stm32cube.ide.mcu.externaltools.gnu-tools-for-stm32.13.3.rel1.win32_1.0.100.202509120712/tools/bin/../lib/gcc/arm-none-eabi/13.3.1/../../../../arm-none-eabi/lib/thumb/v7-m/nofp\libc_nano.a
LOAD C:/ST/STM32CubeIDE_2.0.0/STM32CubeIDE/plugins/com.st.stm32cube.ide.mcu.externaltools.gnu-tools-for-stm32.13.3.rel1.win32_1.0.100.202509120712/tools/bin/../lib/gcc/arm-none-eabi/13.3.1/../../../../arm-none-eabi/lib/thumb/v7-m/nofp\libnosys.a
END GROUP
LOAD C:/ST/STM32CubeIDE_2.0.0/STM32CubeIDE/plugins/com.st.stm32cube.ide.mcu.externaltools.gnu-tools-for-stm32.13.3.rel1.win32_1.0.100.202509120712/tools/bin/../lib/gcc/arm-none-eabi/13.3.1/thumb/v7-m/nofp/crtend.o
LOAD C:/ST/STM32CubeIDE_2.0.0/STM32CubeIDE/plugins/com.st.stm32cube.ide.mcu.externaltools.gnu-tools-for-stm32.13.3.rel1.win32_1.0.100.202509120712/tools/bin/../lib/gcc/arm-none-eabi/13.3.1/thumb/v7-m/nofp/crtn.o
                0x20005000                        _estack = (ORIGIN (RAM) + LENGTH (RAM))
                0x00000200                        _Min_Heap_Size = 0x200
                0x00000400                        _Min_Stack_Size = 0x400

.isr_vector     0x08000000      0x10c
                0x08000000                        . = ALIGN (0x4)
 *(.isr_vector)
 .isr_vector    0x08000000      0x10c ./Core/Startup/startup_stm32f103c8tx.o
                0x08000000                g_pfnVectors
                0x0800010c                        . = ALIGN (0x4)

.text           0x0800010c     0x392c
                0x0800010c                        . = ALIGN (0x4)
 *(.text)
 .text          0x0800010c       0x40 C:/ST/STM32CubeIDE_2.0.0/STM32CubeIDE/plugins/com.st.stm32cube.ide.mcu.externaltools.gnu-tools-for-stm32.13.3.rel1.win32_1.0.100.202509120712/tools/bin/../lib/gcc/arm-none-eabi/13.3.1/thumb/v7-m/nofp/crtbegin.o
 .text          0x0800014c       0x14 C:/ST/STM32CubeIDE_2.0.0/STM32CubeIDE/plugins/com.st.stm32cube.ide.mcu.externaltools.gnu-tools-for-stm32.13.3.rel1.win32_1.0.100.202509120712/tools/bin/../lib/gcc/arm-none-eabi/13.3.1/../../../../arm-none-eabi/lib/thumb/v7-m/nofp\libc_nano.a(libc_a-strcmp.o)
                0x0800014c                strcmp
 *(.text*)
 .text.SH1106_Init
                0x08000160      0x148 ./Core/Src/SH1106.o
                0x08000160                SH1106_Init
 .text.SH1106_UpdateScreen
                0x080002a8       0x5c ./Core/Src/SH1106.o
                0x080002a8                SH1106_UpdateScreen
 .text.SH1106_Fill
                0x08000304       0x30 ./Core/Src/SH1106.o
                0x08000304                SH1106_Fill
 .text.SH1106_DrawPixel
                0x08000334       0xbc ./Core/Src/SH1106.o
                0x08000334                SH1106_DrawPixel
 .text.SH1106_GotoXY
                0x080003f0       0x2c ./Core/Src/SH1106.o
                0x080003f0                SH1106_GotoXY
 .text.SH1106_Putc
                0x0800041c       0xfc ./Core/Src/SH1106.o
                0x0800041c                SH1106_Putc
 .text.SH1106_Puts
                0x08000518       0x4a ./Core/Src/SH1106.o
                0x08000518                SH1106_Puts
 .text.SH1106_Clear
                0x08000562       0x12 ./Core/Src/SH1106.o
                0x08000562                SH1106_Clear
 .text.SH1106_I2C_WriteMulti
                0x08000574       0xcc ./Core/Src/SH1106.o
                0x08000574                SH1106_I2C_WriteMulti
 .text.SH1106_I2C_Write
                0x08000640       0x3c ./Core/Src/SH1106.o
                0x08000640                SH1106_I2C_Write
 .text.MX_GPIO_Init
                0x0800067c       0x94 ./Core/Src/gpio.o
                0x0800067c                MX_GPIO_Init
 .text.MX_I2C1_Init
                0x08000710       0x5c ./Core/Src/i2c.o
                0x08000710                MX_I2C1_Init
 .text.HAL_I2C_MspInit
                0x0800076c       0x7c ./Core/Src/i2c.o
                0x0800076c                HAL_I2C_MspInit
 .text.bytes_to_hex
                0x080007e8       0xa4 ./Core/Src/main.o
 .text.OLED_Show_EPC_If_New
                0x0800088c      0x114 ./Core/Src/main.o
 .text.OLED_Show_Empty_If_Needed
                0x080009a0       0x74 ./Core/Src/main.o
 .text.main     0x08000a14      0x174 ./Core/Src/main.o
                0x08000a14                main
 .text.SystemClock_Config
                0x08000b88       0xb4 ./Core/Src/main.o
                0x08000b88                SystemClock_Config
 .text.HAL_UART_RxCpltCallback
                0x08000c3c       0x6c ./Core/Src/main.o
                0x08000c3c                HAL_UART_RxCpltCallback
 .text.Error_Handler
                0x08000ca8        0xc ./Core/Src/main.o
                0x08000ca8                Error_Handler
 .text.HAL_MspInit
                0x08000cb4       0x64 ./Core/Src/stm32f1xx_hal_msp.o
                0x08000cb4                HAL_MspInit
 .text.NMI_Handler
                0x08000d18        0x8 ./Core/Src/stm32f1xx_it.o
                0x08000d18                NMI_Handler
 .text.HardFault_Handler
                0x08000d20        0x8 ./Core/Src/stm32f1xx_it.o
                0x08000d20                HardFault_Handler
 .text.MemManage_Handler
                0x08000d28        0x8 ./Core/Src/stm32f1xx_it.o
                0x08000d28                MemManage_Handler
 .text.BusFault_Handler
                0x08000d30        0x8 ./Core/Src/stm32f1xx_it.o
                0x08000d30                BusFault_Handler
 .text.UsageFault_Handler
                0x08000d38        0x8 ./Core/Src/stm32f1xx_it.o
                0x08000d38                UsageFault_Handler
 .text.SVC_Handler
                0x08000d40        0xc ./Core/Src/stm32f1xx_it.o
                0x08000d40                SVC_Handler
 .text.DebugMon_Handler
                0x08000d4c        0xc ./Core/Src/stm32f1xx_it.o
                0x08000d4c                DebugMon_Handler
 .text.PendSV_Handler
                0x08000d58        0xc ./Core/Src/stm32f1xx_it.o
                0x08000d58                PendSV_Handler
 .text.SysTick_Handler
                0x08000d64        0xc ./Core/Src/stm32f1xx_it.o
                0x08000d64                SysTick_Handler
 .text.USART2_IRQHandler
                0x08000d70       0x14 ./Core/Src/stm32f1xx_it.o
                0x08000d70                USART2_IRQHandler
 .text.SystemInit
                0x08000d84        0xc ./Core/Src/system_stm32f1xx.o
                0x08000d84                SystemInit
 .text.MX_USART2_UART_Init
                0x08000d90       0x54 ./Core/Src/usart.o
                0x08000d90                MX_USART2_UART_Init
 .text.HAL_UART_MspInit
                0x08000de4       0xa4 ./Core/Src/usart.o
                0x08000de4                HAL_UART_MspInit
 .text.MX_USB_PCD_Init
                0x08000e88       0x44 ./Core/Src/usb.o
                0x08000e88                MX_USB_PCD_Init
 .text.HAL_PCD_MspInit
                0x08000ecc       0x3c ./Core/Src/usb.o
                0x08000ecc                HAL_PCD_MspInit
 .text.Reset_Handler
                0x08000f08       0x48 ./Core/Startup/startup_stm32f103c8tx.o
                0x08000f08                Reset_Handler
 .text.Default_Handler
                0x08000f50        0x2 ./Core/Startup/startup_stm32f103c8tx.o
                0x08000f50                RTC_Alarm_IRQHandler
                0x08000f50                EXTI2_IRQHandler
                0x08000f50                TIM1_CC_IRQHandler
                0x08000f50                PVD_IRQHandler
                0x08000f50                EXTI3_IRQHandler
                0x08000f50                EXTI0_IRQHandler
                0x08000f50                I2C2_EV_IRQHandler
                0x08000f50                ADC1_2_IRQHandler
                0x08000f50                SPI1_IRQHandler
                0x08000f50                TAMPER_IRQHandler
                0x08000f50                DMA1_Channel4_IRQHandler
                0x08000f50                USART3_IRQHandler
                0x08000f50                RTC_IRQHandler
                0x08000f50                DMA1_Channel7_IRQHandler
                0x08000f50                CAN1_RX1_IRQHandler
                0x08000f50                TIM4_IRQHandler
                0x08000f50                I2C1_EV_IRQHandler
                0x08000f50                DMA1_Channel6_IRQHandler
                0x08000f50                TIM3_IRQHandler
                0x08000f50                RCC_IRQHandler
                0x08000f50                TIM1_TRG_COM_IRQHandler
                0x08000f50                DMA1_Channel1_IRQHandler
                0x08000f50                Default_Handler
                0x08000f50                EXTI15_10_IRQHandler
                0x08000f50                EXTI9_5_IRQHandler
                0x08000f50                SPI2_IRQHandler
                0x08000f50                DMA1_Channel5_IRQHandler
                0x08000f50                EXTI4_IRQHandler
                0x08000f50                USB_LP_CAN1_RX0_IRQHandler
                0x08000f50                USB_HP_CAN1_TX_IRQHandler
                0x08000f50                DMA1_Channel3_IRQHandler
                0x08000f50                TIM1_UP_IRQHandler
                0x08000f50                WWDG_IRQHandler
                0x08000f50                TIM2_IRQHandler
                0x08000f50                TIM1_BRK_IRQHandler
                0x08000f50                EXTI1_IRQHandler
                0x08000f50                I2C2_ER_IRQHandler
                0x08000f50                DMA1_Channel2_IRQHandler
                0x08000f50                CAN1_SCE_IRQHandler
                0x08000f50                FLASH_IRQHandler
                0x08000f50                USART1_IRQHandler
                0x08000f50                I2C1_ER_IRQHandler
                0x08000f50                USBWakeUp_IRQHandler
 *fill*         0x08000f52        0x2 
 .text.HAL_Init
                0x08000f54       0x2c ./Drivers/STM32F1xx_HAL_Driver/Src/stm32f1xx_hal.o
                0x08000f54                HAL_Init
 .text.HAL_InitTick
                0x08000f80       0x60 ./Drivers/STM32F1xx_HAL_Driver/Src/stm32f1xx_hal.o
                0x08000f80                HAL_InitTick
 .text.HAL_IncTick
                0x08000fe0       0x24 ./Drivers/STM32F1xx_HAL_Driver/Src/stm32f1xx_hal.o
                0x08000fe0                HAL_IncTick
 .text.HAL_GetTick
                0x08001004       0x14 ./Drivers/STM32F1xx_HAL_Driver/Src/stm32f1xx_hal.o
                0x08001004                HAL_GetTick
 .text.__NVIC_SetPriorityGrouping
                0x08001018       0x48 ./Drivers/STM32F1xx_HAL_Driver/Src/stm32f1xx_hal_cortex.o
 .text.__NVIC_GetPriorityGrouping
                0x08001060       0x1c ./Drivers/STM32F1xx_HAL_Driver/Src/stm32f1xx_hal_cortex.o
 .text.__NVIC_EnableIRQ
                0x0800107c       0x38 ./Drivers/STM32F1xx_HAL_Driver/Src/stm32f1xx_hal_cortex.o
 .text.__NVIC_SetPriority
                0x080010b4       0x54 ./Drivers/STM32F1xx_HAL_Driver/Src/stm32f1xx_hal_cortex.o
 .text.NVIC_EncodePriority
                0x08001108       0x64 ./Drivers/STM32F1xx_HAL_Driver/Src/stm32f1xx_hal_cortex.o
 .text.SysTick_Config
                0x0800116c       0x44 ./Drivers/STM32F1xx_HAL_Driver/Src/stm32f1xx_hal_cortex.o
 .text.HAL_NVIC_SetPriorityGrouping
                0x080011b0       0x16 ./Drivers/STM32F1xx_HAL_Driver/Src/stm32f1xx_hal_cortex.o
                0x080011b0                HAL_NVIC_SetPriorityGrouping
 .text.HAL_NVIC_SetPriority
                0x080011c6       0x38 ./Drivers/STM32F1xx_HAL_Driver/Src/stm32f1xx_hal_cortex.o
                0x080011c6                HAL_NVIC_SetPriority
 .text.HAL_NVIC_EnableIRQ
                0x080011fe       0x1c ./Drivers/STM32F1xx_HAL_Driver/Src/stm32f1xx_hal_cortex.o
                0x080011fe                HAL_NVIC_EnableIRQ
 .text.HAL_SYSTICK_Config
                0x0800121a       0x18 ./Drivers/STM32F1xx_HAL_Driver/Src/stm32f1xx_hal_cortex.o
                0x0800121a                HAL_SYSTICK_Config
 .text.HAL_DMA_Abort
                0x08001232       0x76 ./Drivers/STM32F1xx_HAL_Driver/Src/stm32f1xx_hal_dma.o
                0x08001232                HAL_DMA_Abort
 .text.HAL_DMA_Abort_IT
                0x080012a8       0xf0 ./Drivers/STM32F1xx_HAL_Driver/Src/stm32f1xx_hal_dma.o
                0x080012a8                HAL_DMA_Abort_IT
 .text.HAL_GPIO_Init
                0x08001398      0x308 ./Drivers/STM32F1xx_HAL_Driver/Src/stm32f1xx_hal_gpio.o
                0x08001398                HAL_GPIO_Init
 .text.HAL_GPIO_WritePin
                0x080016a0       0x30 ./Drivers/STM32F1xx_HAL_Driver/Src/stm32f1xx_hal_gpio.o
                0x080016a0                HAL_GPIO_WritePin
 .text.HAL_I2C_Init
                0x080016d0      0x288 ./Drivers/STM32F1xx_HAL_Driver/Src/stm32f1xx_hal_i2c.o
                0x080016d0                HAL_I2C_Init
 .text.HAL_I2C_Master_Transmit
                0x08001958      0x1fc ./Drivers/STM32F1xx_HAL_Driver/Src/stm32f1xx_hal_i2c.o
                0x08001958                HAL_I2C_Master_Transmit
 .text.HAL_I2C_IsDeviceReady
                0x08001b54      0x25c ./Drivers/STM32F1xx_HAL_Driver/Src/stm32f1xx_hal_i2c.o
                0x08001b54                HAL_I2C_IsDeviceReady
 .text.I2C_MasterRequestWrite
                0x08001db0      0x104 ./Drivers/STM32F1xx_HAL_Driver/Src/stm32f1xx_hal_i2c.o
 .text.I2C_WaitOnFlagUntilTimeout
                0x08001eb4       0xf4 ./Drivers/STM32F1xx_HAL_Driver/Src/stm32f1xx_hal_i2c.o
 .text.I2C_WaitOnMasterAddressFlagUntilTimeout
                0x08001fa8      0x140 ./Drivers/STM32F1xx_HAL_Driver/Src/stm32f1xx_hal_i2c.o
 .text.I2C_WaitOnTXEFlagUntilTimeout
                0x080020e8       0x90 ./Drivers/STM32F1xx_HAL_Driver/Src/stm32f1xx_hal_i2c.o
 .text.I2C_WaitOnBTFFlagUntilTimeout
                0x08002178       0x90 ./Drivers/STM32F1xx_HAL_Driver/Src/stm32f1xx_hal_i2c.o
 .text.I2C_IsAcknowledgeFailed
                0x08002208       0x5c ./Drivers/STM32F1xx_HAL_Driver/Src/stm32f1xx_hal_i2c.o
 .text.HAL_PCD_Init
                0x08002264      0x1ec ./Drivers/STM32F1xx_HAL_Driver/Src/stm32f1xx_hal_pcd.o
                0x08002264                HAL_PCD_Init
 .text.HAL_RCC_OscConfig
                0x08002450      0x504 ./Drivers/STM32F1xx_HAL_Driver/Src/stm32f1xx_hal_rcc.o
                0x08002450                HAL_RCC_OscConfig
 .text.HAL_RCC_ClockConfig
                0x08002954      0x1d4 ./Drivers/STM32F1xx_HAL_Driver/Src/stm32f1xx_hal_rcc.o
                0x08002954                HAL_RCC_ClockConfig
 .text.HAL_RCC_GetSysClockFreq
                0x08002b28       0xa8 ./Drivers/STM32F1xx_HAL_Driver/Src/stm32f1xx_hal_rcc.o
                0x08002b28                HAL_RCC_GetSysClockFreq
 .text.HAL_RCC_GetHCLKFreq
                0x08002bd0       0x14 ./Drivers/STM32F1xx_HAL_Driver/Src/stm32f1xx_hal_rcc.o
                0x08002bd0                HAL_RCC_GetHCLKFreq
 .text.HAL_RCC_GetPCLK1Freq
                0x08002be4       0x28 ./Drivers/STM32F1xx_HAL_Driver/Src/stm32f1xx_hal_rcc.o
                0x08002be4                HAL_RCC_GetPCLK1Freq
 .text.HAL_RCC_GetPCLK2Freq
                0x08002c0c       0x28 ./Drivers/STM32F1xx_HAL_Driver/Src/stm32f1xx_hal_rcc.o
                0x08002c0c                HAL_RCC_GetPCLK2Freq
 .text.RCC_Delay
                0x08002c34       0x3c ./Drivers/STM32F1xx_HAL_Driver/Src/stm32f1xx_hal_rcc.o
 .text.HAL_RCCEx_PeriphCLKConfig
                0x08002c70      0x16c ./Drivers/STM32F1xx_HAL_Driver/Src/stm32f1xx_hal_rcc_ex.o
                0x08002c70                HAL_RCCEx_PeriphCLKConfig
 .text.HAL_UART_Init
                0x08002ddc       0xa0 ./Drivers/STM32F1xx_HAL_Driver/Src/stm32f1xx_hal_uart.o
                0x08002ddc                HAL_UART_Init
 .text.HAL_UART_Receive_IT
                0x08002e7c       0x4a ./Drivers/STM32F1xx_HAL_Driver/Src/stm32f1xx_hal_uart.o
                0x08002e7c                HAL_UART_Receive_IT
 *fill*         0x08002ec6        0x2 
 .text.HAL_UART_IRQHandler
                0x08002ec8      0x524 ./Drivers/STM32F1xx_HAL_Driver/Src/stm32f1xx_hal_uart.o
                0x08002ec8                HAL_UART_IRQHandler
 .text.HAL_UART_TxCpltCallback
                0x080033ec       0x12 ./Drivers/STM32F1xx_HAL_Driver/Src/stm32f1xx_hal_uart.o
                0x080033ec                HAL_UART_TxCpltCallback
 .text.HAL_UART_ErrorCallback
                0x080033fe       0x12 ./Drivers/STM32F1xx_HAL_Driver/Src/stm32f1xx_hal_uart.o
                0x080033fe                HAL_UART_ErrorCallback
 .text.HAL_UARTEx_RxEventCallback
                0x08003410       0x16 ./Drivers/STM32F1xx_HAL_Driver/Src/stm32f1xx_hal_uart.o
                0x08003410                HAL_UARTEx_RxEventCallback
 .text.UART_Start_Receive_IT
                0x08003426       0x72 ./Drivers/STM32F1xx_HAL_Driver/Src/stm32f1xx_hal_uart.o
                0x08003426                UART_Start_Receive_IT
 .text.UART_EndRxTransfer
                0x08003498       0xc4 ./Drivers/STM32F1xx_HAL_Driver/Src/stm32f1xx_hal_uart.o
 .text.UART_DMAAbortOnError
                0x0800355c       0x28 ./Drivers/STM32F1xx_HAL_Driver/Src/stm32f1xx_hal_uart.o
 .text.UART_Transmit_IT
                0x08003584       0x9e ./Drivers/STM32F1xx_HAL_Driver/Src/stm32f1xx_hal_uart.o
 .text.UART_EndTransmit_IT
                0x08003622       0x30 ./Drivers/STM32F1xx_HAL_Driver/Src/stm32f1xx_hal_uart.o
 .text.UART_Receive_IT
                0x08003652      0x17c ./Drivers/STM32F1xx_HAL_Driver/Src/stm32f1xx_hal_uart.o
 *fill*         0x080037ce        0x2 
 .text.UART_SetConfig
                0x080037d0      0x11c ./Drivers/STM32F1xx_HAL_Driver/Src/stm32f1xx_hal_uart.o
 .text.USB_CoreInit
                0x080038ec       0x1a ./Drivers/STM32F1xx_HAL_Driver/Src/stm32f1xx_ll_usb.o
                0x080038ec                USB_CoreInit
 .text.USB_DisableGlobalInt
                0x08003906       0x34 ./Drivers/STM32F1xx_HAL_Driver/Src/stm32f1xx_ll_usb.o
                0x08003906                USB_DisableGlobalInt
 .text.USB_SetCurrentMode
                0x0800393a       0x18 ./Drivers/STM32F1xx_HAL_Driver/Src/stm32f1xx_ll_usb.o
                0x0800393a                USB_SetCurrentMode
 .text.USB_DevInit
                0x08003952       0x3a ./Drivers/STM32F1xx_HAL_Driver/Src/stm32f1xx_ll_usb.o
                0x08003952                USB_DevInit
 .text.USB_DevDisconnect
                0x0800398c       0x14 ./Drivers/STM32F1xx_HAL_Driver/Src/stm32f1xx_ll_usb.o
                0x0800398c                USB_DevDisconnect
 .text.memset   0x080039a0       0x10 C:/ST/STM32CubeIDE_2.0.0/STM32CubeIDE/plugins/com.st.stm32cube.ide.mcu.externaltools.gnu-tools-for-stm32.13.3.rel1.win32_1.0.100.202509120712/tools/bin/../lib/gcc/arm-none-eabi/13.3.1/../../../../arm-none-eabi/lib/thumb/v7-m/nofp\libc_nano.a(libc_a-memset.o)
                0x080039a0                memset
 .text.strncpy  0x080039b0       0x26 C:/ST/STM32CubeIDE_2.0.0/STM32CubeIDE/plugins/com.st.stm32cube.ide.mcu.externaltools.gnu-tools-for-stm32.13.3.rel1.win32_1.0.100.202509120712/tools/bin/../lib/gcc/arm-none-eabi/13.3.1/../../../../arm-none-eabi/lib/thumb/v7-m/nofp\libc_nano.a(libc_a-strncpy.o)
                0x080039b0                strncpy
 *fill*         0x080039d6        0x2 
 .text.__libc_init_array
                0x080039d8       0x48 C:/ST/STM32CubeIDE_2.0.0/STM32CubeIDE/plugins/com.st.stm32cube.ide.mcu.externaltools.gnu-tools-for-stm32.13.3.rel1.win32_1.0.100.202509120712/tools/bin/../lib/gcc/arm-none-eabi/13.3.1/../../../../arm-none-eabi/lib/thumb/v7-m/nofp\libc_nano.a(libc_a-init.o)
                0x080039d8                __libc_init_array
 *(.glue_7)
 .glue_7        0x08003a20        0x0 linker stubs
 *(.glue_7t)
 .glue_7t       0x08003a20        0x0 linker stubs
 *(.eh_frame)
 .eh_frame      0x08003a20        0x0 C:/ST/STM32CubeIDE_2.0.0/STM32CubeIDE/plugins/com.st.stm32cube.ide.mcu.externaltools.gnu-tools-for-stm32.13.3.rel1.win32_1.0.100.202509120712/tools/bin/../lib/gcc/arm-none-eabi/13.3.1/thumb/v7-m/nofp/crtbegin.o
 *(.init)
 .init          0x08003a20        0x4 C:/ST/STM32CubeIDE_2.0.0/STM32CubeIDE/plugins/com.st.stm32cube.ide.mcu.externaltools.gnu-tools-for-stm32.13.3.rel1.win32_1.0.100.202509120712/tools/bin/../lib/gcc/arm-none-eabi/13.3.1/thumb/v7-m/nofp/crti.o
                0x08003a20                _init
 .init          0x08003a24        0x8 C:/ST/STM32CubeIDE_2.0.0/STM32CubeIDE/plugins/com.st.stm32cube.ide.mcu.externaltools.gnu-tools-for-stm32.13.3.rel1.win32_1.0.100.202509120712/tools/bin/../lib/gcc/arm-none-eabi/13.3.1/thumb/v7-m/nofp/crtn.o
 *(.fini)
 .fini          0x08003a2c        0x4 C:/ST/STM32CubeIDE_2.0.0/STM32CubeIDE/plugins/com.st.stm32cube.ide.mcu.externaltools.gnu-tools-for-stm32.13.3.rel1.win32_1.0.100.202509120712/tools/bin/../lib/gcc/arm-none-eabi/13.3.1/thumb/v7-m/nofp/crti.o
                0x08003a2c                _fini
 .fini          0x08003a30        0x8 C:/ST/STM32CubeIDE_2.0.0/STM32CubeIDE/plugins/com.st.stm32cube.ide.mcu.externaltools.gnu-tools-for-stm32.13.3.rel1.win32_1.0.100.202509120712/tools/bin/../lib/gcc/arm-none-eabi/13.3.1/thumb/v7-m/nofp/crtn.o
                0x08003a38                        . = ALIGN (0x4)
                0x08003a38                        _etext = .

.vfp11_veneer   0x08003a38        0x0
 .vfp11_veneer  0x08003a38        0x0 linker stubs

.v4_bx          0x08003a38        0x0
 .v4_bx         0x08003a38        0x0 linker stubs

.iplt           0x08003a38        0x0
 .iplt          0x08003a38        0x0 C:/ST/STM32CubeIDE_2.0.0/STM32CubeIDE/plugins/com.st.stm32cube.ide.mcu.externaltools.gnu-tools-for-stm32.13.3.rel1.win32_1.0.100.202509120712/tools/bin/../lib/gcc/arm-none-eabi/13.3.1/thumb/v7-m/nofp/crtbegin.o

.rodata         0x08003a38      0x7c4
                0x08003a38                        . = ALIGN (0x4)
 *(.rodata)
 .rodata        0x08003a38       0x2a ./Core/Src/main.o
 *(.rodata*)
 *fill*         0x08003a62        0x2 
 .rodata.Font7x10
                0x08003a64      0x76c ./Core/Src/fonts.o
                0x08003a64                Font7x10
 .rodata.AHBPrescTable
                0x080041d0       0x10 ./Core/Src/system_stm32f1xx.o
                0x080041d0                AHBPrescTable
 .rodata.APBPrescTable
                0x080041e0        0x8 ./Core/Src/system_stm32f1xx.o
                0x080041e0                APBPrescTable
 .rodata.aPLLMULFactorTable.1
                0x080041e8       0x10 ./Drivers/STM32F1xx_HAL_Driver/Src/stm32f1xx_hal_rcc.o
 .rodata.aPredivFactorTable.0
                0x080041f8        0x2 ./Drivers/STM32F1xx_HAL_Driver/Src/stm32f1xx_hal_rcc.o
                0x080041fc                        . = ALIGN (0x4)
 *fill*         0x080041fa        0x2 

.ARM.extab      0x080041fc        0x0
                0x080041fc                        . = ALIGN (0x4)
 *(.ARM.extab* .gnu.linkonce.armextab.*)
                0x080041fc                        . = ALIGN (0x4)

.ARM            0x080041fc        0x8
                0x080041fc                        . = ALIGN (0x4)
                0x080041fc                        __exidx_start = .
 *(.ARM.exidx*)
 .ARM.exidx     0x080041fc        0x8 C:/ST/STM32CubeIDE_2.0.0/STM32CubeIDE/plugins/com.st.stm32cube.ide.mcu.externaltools.gnu-tools-for-stm32.13.3.rel1.win32_1.0.100.202509120712/tools/bin/../lib/gcc/arm-none-eabi/13.3.1/../../../../arm-none-eabi/lib/thumb/v7-m/nofp\libc_nano.a(libc_a-strcmp.o)
                0x08004204                        __exidx_end = .
                0x08004204                        . = ALIGN (0x4)

.preinit_array  0x08004204        0x0
                0x08004204                        . = ALIGN (0x4)
                0x08004204                        PROVIDE (__preinit_array_start = .)
 *(.preinit_array*)
                0x08004204                        PROVIDE (__preinit_array_end = .)
                0x08004204                        . = ALIGN (0x4)

.init_array     0x08004204        0x4
                0x08004204                        . = ALIGN (0x4)
                0x08004204                        PROVIDE (__init_array_start = .)
 *(SORT_BY_NAME(.init_array.*))
 *(.init_array*)
 .init_array    0x08004204        0x4 C:/ST/STM32CubeIDE_2.0.0/STM32CubeIDE/plugins/com.st.stm32cube.ide.mcu.externaltools.gnu-tools-for-stm32.13.3.rel1.win32_1.0.100.202509120712/tools/bin/../lib/gcc/arm-none-eabi/13.3.1/thumb/v7-m/nofp/crtbegin.o
                0x08004208                        PROVIDE (__init_array_end = .)
                0x08004208                        . = ALIGN (0x4)

.fini_array     0x08004208        0x4
                0x08004208                        . = ALIGN (0x4)
                [!provide]                        PROVIDE (__fini_array_start = .)
 *(SORT_BY_NAME(.fini_array.*))
 *(.fini_array*)
 .fini_array    0x08004208        0x4 C:/ST/STM32CubeIDE_2.0.0/STM32CubeIDE/plugins/com.st.stm32cube.ide.mcu.externaltools.gnu-tools-for-stm32.13.3.rel1.win32_1.0.100.202509120712/tools/bin/../lib/gcc/arm-none-eabi/13.3.1/thumb/v7-m/nofp/crtbegin.o
                [!provide]                        PROVIDE (__fini_array_end = .)
                0x0800420c                        . = ALIGN (0x4)
                0x0800420c                        _sidata = LOADADDR (.data)

.rel.dyn        0x0800420c        0x0
 .rel.iplt      0x0800420c        0x0 C:/ST/STM32CubeIDE_2.0.0/STM32CubeIDE/plugins/com.st.stm32cube.ide.mcu.externaltools.gnu-tools-for-stm32.13.3.rel1.win32_1.0.100.202509120712/tools/bin/../lib/gcc/arm-none-eabi/13.3.1/thumb/v7-m/nofp/crtbegin.o

.data           0x20000000       0x98 load address 0x0800420c
                0x20000000                        . = ALIGN (0x4)
                0x20000000                        _sdata = .
 *(.data)
 *(.data*)
 .data.Font_7x10
                0x20000000        0x8 ./Core/Src/fonts.o
                0x20000000                Font_7x10
 .data.last_epc
                0x20000008       0x81 ./Core/Src/main.o
                0x20000008                last_epc
 *fill*         0x20000089        0x3 
 .data.SystemCoreClock
                0x2000008c        0x4 ./Core/Src/system_stm32f1xx.o
                0x2000008c                SystemCoreClock
 .data.uwTickPrio
                0x20000090        0x4 ./Drivers/STM32F1xx_HAL_Driver/Src/stm32f1xx_hal.o
                0x20000090                uwTickPrio
 .data.uwTickFreq
                0x20000094        0x1 ./Drivers/STM32F1xx_HAL_Driver/Src/stm32f1xx_hal.o
                0x20000094                uwTickFreq
 *(.RamFunc)
 *(.RamFunc*)
                0x20000098                        . = ALIGN (0x4)
 *fill*         0x20000095        0x3 
                0x20000098                        _edata = .

.igot.plt       0x20000098        0x0 load address 0x080042a4
 .igot.plt      0x20000098        0x0 C:/ST/STM32CubeIDE_2.0.0/STM32CubeIDE/plugins/com.st.stm32cube.ide.mcu.externaltools.gnu-tools-for-stm32.13.3.rel1.win32_1.0.100.202509120712/tools/bin/../lib/gcc/arm-none-eabi/13.3.1/thumb/v7-m/nofp/crtbegin.o
                0x20000098                        . = ALIGN (0x4)

.bss            0x20000098      0x9b4 load address 0x080042a4
                0x20000098                        _sbss = .
                0x20000098                        __bss_start__ = _sbss
 *(.bss)
 .bss           0x20000098       0x1c C:/ST/STM32CubeIDE_2.0.0/STM32CubeIDE/plugins/com.st.stm32cube.ide.mcu.externaltools.gnu-tools-for-stm32.13.3.rel1.win32_1.0.100.202509120712/tools/bin/../lib/gcc/arm-none-eabi/13.3.1/thumb/v7-m/nofp/crtbegin.o
 *(.bss*)
 .bss.SH1106_Buffer
                0x200000b4      0x400 ./Core/Src/SH1106.o
 .bss.SH1106    0x200004b4        0x6 ./Core/Src/SH1106.o
 *fill*         0x200004ba        0x2 
 .bss.hi2c1     0x200004bc       0x54 ./Core/Src/i2c.o
                0x200004bc                hi2c1
 .bss.rfid_rx   0x20000510        0x1 ./Core/Src/main.o
                0x20000510                rfid_rx
 *fill*         0x20000511        0x3 
 .bss.rfid_buf  0x20000514      0x200 ./Core/Src/main.o
                0x20000514                rfid_buf
 .bss.rfid_len  0x20000714        0x2 ./Core/Src/main.o
                0x20000714                rfid_len
 *fill*         0x20000716        0x2 
 .bss.rfid_last_rx_tick
                0x20000718        0x4 ./Core/Src/main.o
                0x20000718                rfid_last_rx_tick
 .bss.last_epc_tick
                0x2000071c        0x4 ./Core/Src/main.o
                0x2000071c                last_epc_tick
 .bss.buzz_next_tick
                0x20000720        0x4 ./Core/Src/main.o
                0x20000720                buzz_next_tick
 .bss.buzz_off_tick
                0x20000724        0x4 ./Core/Src/main.o
                0x20000724                buzz_off_tick
 .bss.huart2    0x20000728       0x48 ./Core/Src/usart.o
                0x20000728                huart2
 .bss.hpcd_USB_FS
                0x20000770      0x2d8 ./Core/Src/usb.o
                0x20000770                hpcd_USB_FS
 .bss.uwTick    0x20000a48        0x4 ./Drivers/STM32F1xx_HAL_Driver/Src/stm32f1xx_hal.o
                0x20000a48                uwTick
 *(COMMON)
                0x20000a4c                        . = ALIGN (0x4)
                0x20000a4c                        _ebss = .
                0x20000a4c                        __bss_end__ = _ebss

._user_heap_stack
                0x20000a4c      0x604 load address 0x080042a4
                0x20000a50                        . = ALIGN (0x8)
 *fill*         0x20000a4c        0x4 
                [!provide]                        PROVIDE (end = .)
                0x20000a50                        PROVIDE (_end = .)
                0x20000c50                        . = (. + _Min_Heap_Size)
 *fill*         0x20000a50      0x200 
                0x20001050                        . = (. + _Min_Stack_Size)
 *fill*         0x20000c50      0x400 
                0x20001050                        . = ALIGN (0x8)

/DISCARD/
 libc.a(*)
 libm.a(*)
 libgcc.a(*)

.ARM.attributes
                0x00000000       0x29
 *(.ARM.attributes)
 .ARM.attributes
                0x00000000       0x1d C:/ST/STM32CubeIDE_2.0.0/STM32CubeIDE/plugins/com.st.stm32cube.ide.mcu.externaltools.gnu-tools-for-stm32.13.3.rel1.win32_1.0.100.202509120712/tools/bin/../lib/gcc/arm-none-eabi/13.3.1/thumb/v7-m/nofp/crti.o
 .ARM.attributes
                0x0000001d       0x2d C:/ST/STM32CubeIDE_2.0.0/STM32CubeIDE/plugins/com.st.stm32cube.ide.mcu.externaltools.gnu-tools-for-stm32.13.3.rel1.win32_1.0.100.202509120712/tools/bin/../lib/gcc/arm-none-eabi/13.3.1/thumb/v7-m/nofp/crtbegin.o
 .ARM.attributes
                0x0000004a       0x2d ./Core/Src/SH1106.o
 .ARM.attributes
                0x00000077       0x2d ./Core/Src/fonts.o
 .ARM.attributes
                0x000000a4       0x2d ./Core/Src/gpio.o
 .ARM.attributes
                0x000000d1       0x2d ./Core/Src/i2c.o
 .ARM.attributes
                0x000000fe       0x2d ./Core/Src/main.o
 .ARM.attributes
                0x0000012b       0x2d ./Core/Src/stm32f1xx_hal_msp.o
 .ARM.attributes
                0x00000158       0x2d ./Core/Src/stm32f1xx_it.o
 .ARM.attributes
                0x00000185       0x2d ./Core/Src/system_stm32f1xx.o
 .ARM.attributes
                0x000001b2       0x2d ./Core/Src/usart.o
 .ARM.attributes
                0x000001df       0x2d ./Core/Src/usb.o
 .ARM.attributes
                0x0000020c       0x21 ./Core/Startup/startup_stm32f103c8tx.o
 .ARM.attributes
                0x0000022d       0x2d ./Drivers/STM32F1xx_HAL_Driver/Src/stm32f1xx_hal.o
 .ARM.attributes
                0x0000025a       0x2d ./Drivers/STM32F1xx_HAL_Driver/Src/stm32f1xx_hal_cortex.o
 .ARM.attributes
                0x00000287       0x2d ./Drivers/STM32F1xx_HAL_Driver/Src/stm32f1xx_hal_dma.o
 .ARM.attributes
                0x000002b4       0x2d ./Drivers/STM32F1xx_HAL_Driver/Src/stm32f1xx_hal_gpio.o
 .ARM.attributes
                0x000002e1       0x2d ./Drivers/STM32F1xx_HAL_Driver/Src/stm32f1xx_hal_i2c.o
 .ARM.attributes
                0x0000030e       0x2d ./Drivers/STM32F1xx_HAL_Driver/Src/stm32f1xx_hal_pcd.o
 .ARM.attributes
                0x0000033b       0x2d ./Drivers/STM32F1xx_HAL_Driver/Src/stm32f1xx_hal_rcc.o
 .ARM.attributes
                0x00000368       0x2d ./Drivers/STM32F1xx_HAL_Driver/Src/stm32f1xx_hal_rcc_ex.o
 .ARM.attributes
                0x00000395       0x2d ./Drivers/STM32F1xx_HAL_Driver/Src/stm32f1xx_hal_uart.o
 .ARM.attributes
                0x000003c2       0x2d ./Drivers/STM32F1xx_HAL_Driver/Src/stm32f1xx_ll_usb.o
 .ARM.attributes
                0x000003ef       0x2d C:/ST/STM32CubeIDE_2.0.0/STM32CubeIDE/plugins/com.st.stm32cube.ide.mcu.externaltools.gnu-tools-for-stm32.13.3.rel1.win32_1.0.100.202509120712/tools/bin/../lib/gcc/arm-none-eabi/13.3.1/../../../../arm-none-eabi/lib/thumb/v7-m/nofp\libc_nano.a(libc_a-memset.o)
 .ARM.attributes
                0x0000041c       0x2d C:/ST/STM32CubeIDE_2.0.0/STM32CubeIDE/plugins/com.st.stm32cube.ide.mcu.externaltools.gnu-tools-for-stm32.13.3.rel1.win32_1.0.100.202509120712/tools/bin/../lib/gcc/arm-none-eabi/13.3.1/../../../../arm-none-eabi/lib/thumb/v7-m/nofp\libc_nano.a(libc_a-strncpy.o)
 .ARM.attributes
                0x00000449       0x2d C:/ST/STM32CubeIDE_2.0.0/STM32CubeIDE/plugins/com.st.stm32cube.ide.mcu.externaltools.gnu-tools-for-stm32.13.3.rel1.win32_1.0.100.202509120712/tools/bin/../lib/gcc/arm-none-eabi/13.3.1/../../../../arm-none-eabi/lib/thumb/v7-m/nofp\libc_nano.a(libc_a-init.o)
 .ARM.attributes
                0x00000476       0x1b C:/ST/STM32CubeIDE_2.0.0/STM32CubeIDE/plugins/com.st.stm32cube.ide.mcu.externaltools.gnu-tools-for-stm32.13.3.rel1.win32_1.0.100.202509120712/tools/bin/../lib/gcc/arm-none-eabi/13.3.1/../../../../arm-none-eabi/lib/thumb/v7-m/nofp\libc_nano.a(libc_a-strcmp.o)
 .ARM.attributes
                0x00000491       0x1d C:/ST/STM32CubeIDE_2.0.0/STM32CubeIDE/plugins/com.st.stm32cube.ide.mcu.externaltools.gnu-tools-for-stm32.13.3.rel1.win32_1.0.100.202509120712/tools/bin/../lib/gcc/arm-none-eabi/13.3.1/thumb/v7-m/nofp/crtn.o
OUTPUT(Security_Handle_2.elf elf32-littlearm)
LOAD linker stubs
LOAD C:/ST/STM32CubeIDE_2.0.0/STM32CubeIDE/plugins/com.st.stm32cube.ide.mcu.externaltools.gnu-tools-for-stm32.13.3.rel1.win32_1.0.100.202509120712/tools/bin/../lib/gcc/arm-none-eabi/13.3.1/../../../../arm-none-eabi/lib/thumb/v7-m/nofp\libc.a
LOAD C:/ST/STM32CubeIDE_2.0.0/STM32CubeIDE/plugins/com.st.stm32cube.ide.mcu.externaltools.gnu-tools-for-stm32.13.3.rel1.win32_1.0.100.202509120712/tools/bin/../lib/gcc/arm-none-eabi/13.3.1/../../../../arm-none-eabi/lib/thumb/v7-m/nofp\libm.a
LOAD C:/ST/STM32CubeIDE_2.0.0/STM32CubeIDE/plugins/com.st.stm32cube.ide.mcu.externaltools.gnu-tools-for-stm32.13.3.rel1.win32_1.0.100.202509120712/tools/bin/../lib/gcc/arm-none-eabi/13.3.1/thumb/v7-m/nofp\libgcc.a

.debug_info     0x00000000     0xee87
 .debug_info    0x00000000      0xf16 ./Core/Src/SH1106.o
 .debug_info    0x00000f16      0x255 ./Core/Src/fonts.o
 .debug_info    0x0000116b      0x2b7 ./Core/Src/gpio.o
 .debug_info    0x00001422      0x7e3 ./Core/Src/i2c.o
 .debug_info    0x00001c05      0xc41 ./Core/Src/main.o
 .debug_info    0x00002846      0x1f1 ./Core/Src/stm32f1xx_hal_msp.o
 .debug_info    0x00002a37      0x5eb ./Core/Src/stm32f1xx_it.o
 .debug_info    0x00003022      0x222 ./Core/Src/system_stm32f1xx.o
 .debug_info    0x00003244      0x92a ./Core/Src/usart.o
 .debug_info    0x00003b6e      0x6b1 ./Core/Src/usb.o
 .debug_info    0x0000421f       0x30 ./Core/Startup/startup_stm32f103c8tx.o
 .debug_info    0x0000424f      0x704 ./Drivers/STM32F1xx_HAL_Driver/Src/stm32f1xx_hal.o
 .debug_info    0x00004953      0xa87 ./Drivers/STM32F1xx_HAL_Driver/Src/stm32f1xx_hal_cortex.o
 .debug_info    0x000053da      0x6d2 ./Drivers/STM32F1xx_HAL_Driver/Src/stm32f1xx_hal_dma.o
 .debug_info    0x00005aac      0x5ab ./Drivers/STM32F1xx_HAL_Driver/Src/stm32f1xx_hal_gpio.o
 .debug_info    0x00006057     0x2524 ./Drivers/STM32F1xx_HAL_Driver/Src/stm32f1xx_hal_i2c.o
 .debug_info    0x0000857b     0x16dc ./Drivers/STM32F1xx_HAL_Driver/Src/stm32f1xx_hal_pcd.o
 .debug_info    0x00009c57      0x7d5 ./Drivers/STM32F1xx_HAL_Driver/Src/stm32f1xx_hal_rcc.o
 .debug_info    0x0000a42c      0x3c0 ./Drivers/STM32F1xx_HAL_Driver/Src/stm32f1xx_hal_rcc_ex.o
 .debug_info    0x0000a7ec     0x2eed ./Drivers/STM32F1xx_HAL_Driver/Src/stm32f1xx_hal_uart.o
 .debug_info    0x0000d6d9     0x17ae ./Drivers/STM32F1xx_HAL_Driver/Src/stm32f1xx_ll_usb.o

.debug_abbrev   0x00000000     0x28e0
 .debug_abbrev  0x00000000      0x2a5 ./Core/Src/SH1106.o
 .debug_abbrev  0x000002a5      0x11c ./Core/Src/fonts.o
 .debug_abbrev  0x000003c1      0x13f ./Core/Src/gpio.o
 .debug_abbrev  0x00000500      0x1de ./Core/Src/i2c.o
 .debug_abbrev  0x000006de      0x31c ./Core/Src/main.o
 .debug_abbrev  0x000009fa       0xdb ./Core/Src/stm32f1xx_hal_msp.o
 .debug_abbrev  0x00000ad5      0x176 ./Core/Src/stm32f1xx_it.o
 .debug_abbrev  0x00000c4b      0x13f ./Core/Src/system_stm32f1xx.o
 .debug_abbrev  0x00000d8a      0x205 ./Core/Src/usart.o
 .debug_abbrev  0x00000f8f      0x1d5 ./Core/Src/usb.o
 .debug_abbrev  0x00001164       0x24 ./Core/Startup/startup_stm32f103c8tx.o
 .debug_abbrev  0x00001188      0x201 ./Drivers/STM32F1xx_HAL_Driver/Src/stm32f1xx_hal.o
 .debug_abbrev  0x00001389      0x2f8 ./Drivers/STM32F1xx_HAL_Driver/Src/stm32f1xx_hal_cortex.o
 .debug_abbrev  0x00001681      0x20b ./Drivers/STM32F1xx_HAL_Driver/Src/stm32f1xx_hal_dma.o
 .debug_abbrev  0x0000188c      0x1ca ./Drivers/STM32F1xx_HAL_Driver/Src/stm32f1xx_hal_gpio.o
 .debug_abbrev  0x00001a56      0x2a3 ./Drivers/STM32F1xx_HAL_Driver/Src/stm32f1xx_hal_i2c.o
 .debug_abbrev  0x00001cf9      0x2d6 ./Drivers/STM32F1xx_HAL_Driver/Src/stm32f1xx_hal_pcd.o
 .debug_abbrev  0x00001fcf      0x2b3 ./Drivers/STM32F1xx_HAL_Driver/Src/stm32f1xx_hal_rcc.o
 .debug_abbrev  0x00002282      0x188 ./Drivers/STM32F1xx_HAL_Driver/Src/stm32f1xx_hal_rcc_ex.o
 .debug_abbrev  0x0000240a      0x2f8 ./Drivers/STM32F1xx_HAL_Driver/Src/stm32f1xx_hal_uart.o
 .debug_abbrev  0x00002702      0x1de ./Drivers/STM32F1xx_HAL_Driver/Src/stm32f1xx_ll_usb.o

.debug_aranges  0x00000000      0xd20
 .debug_aranges
                0x00000000       0xc8 ./Core/Src/SH1106.o
 .debug_aranges
                0x000000c8       0x20 ./Core/Src/fonts.o
 .debug_aranges
                0x000000e8       0x20 ./Core/Src/gpio.o
 .debug_aranges
                0x00000108       0x30 ./Core/Src/i2c.o
 .debug_aranges
                0x00000138       0x50 ./Core/Src/main.o
 .debug_aranges
                0x00000188       0x20 ./Core/Src/stm32f1xx_hal_msp.o
 .debug_aranges
                0x000001a8       0x68 ./Core/Src/stm32f1xx_it.o
 .debug_aranges
                0x00000210       0x28 ./Core/Src/system_stm32f1xx.o
 .debug_aranges
                0x00000238       0x30 ./Core/Src/usart.o
 .debug_aranges
                0x00000268       0x30 ./Core/Src/usb.o
 .debug_aranges
                0x00000298       0x28 ./Core/Startup/startup_stm32f103c8tx.o
 .debug_aranges
                0x000002c0       0xe0 ./Drivers/STM32F1xx_HAL_Driver/Src/stm32f1xx_hal.o
 .debug_aranges
                0x000003a0      0x100 ./Drivers/STM32F1xx_HAL_Driver/Src/stm32f1xx_hal_cortex.o
 .debug_aranges
                0x000004a0       0x80 ./Drivers/STM32F1xx_HAL_Driver/Src/stm32f1xx_hal_dma.o
 .debug_aranges
                0x00000520       0x58 ./Drivers/STM32F1xx_HAL_Driver/Src/stm32f1xx_hal_gpio.o
 .debug_aranges
                0x00000578      0x2a8 ./Drivers/STM32F1xx_HAL_Driver/Src/stm32f1xx_hal_i2c.o
 .debug_aranges
                0x00000820      0x140 ./Drivers/STM32F1xx_HAL_Driver/Src/stm32f1xx_hal_pcd.o
 .debug_aranges
                0x00000960       0x90 ./Drivers/STM32F1xx_HAL_Driver/Src/stm32f1xx_hal_rcc.o
 .debug_aranges
                0x000009f0       0x30 ./Drivers/STM32F1xx_HAL_Driver/Src/stm32f1xx_hal_rcc_ex.o
 .debug_aranges
                0x00000a20      0x208 ./Drivers/STM32F1xx_HAL_Driver/Src/stm32f1xx_hal_uart.o
 .debug_aranges
                0x00000c28       0xf8 ./Drivers/STM32F1xx_HAL_Driver/Src/stm32f1xx_ll_usb.o

.debug_rnglists
                0x00000000      0xa22
 .debug_rnglists
                0x00000000       0x9c ./Core/Src/SH1106.o
 .debug_rnglists
                0x0000009c       0x13 ./Core/Src/fonts.o
 .debug_rnglists
                0x000000af       0x14 ./Core/Src/gpio.o
 .debug_rnglists
                0x000000c3       0x1f ./Core/Src/i2c.o
 .debug_rnglists
                0x000000e2       0x3b ./Core/Src/main.o
 .debug_rnglists
                0x0000011d       0x13 ./Core/Src/stm32f1xx_hal_msp.o
 .debug_rnglists
                0x00000130       0x49 ./Core/Src/stm32f1xx_it.o
 .debug_rnglists
                0x00000179       0x1a ./Core/Src/system_stm32f1xx.o
 .debug_rnglists
                0x00000193       0x20 ./Core/Src/usart.o
 .debug_rnglists
                0x000001b3       0x1f ./Core/Src/usb.o
 .debug_rnglists
                0x000001d2       0x19 ./Core/Startup/startup_stm32f103c8tx.o
 .debug_rnglists
                0x000001eb       0xa3 ./Drivers/STM32F1xx_HAL_Driver/Src/stm32f1xx_hal.o
 .debug_rnglists
                0x0000028e       0xbb ./Drivers/STM32F1xx_HAL_Driver/Src/stm32f1xx_hal_cortex.o
 .debug_rnglists
                0x00000349       0x64 ./Drivers/STM32F1xx_HAL_Driver/Src/stm32f1xx_hal_dma.o
 .debug_rnglists
                0x000003ad       0x3f ./Drivers/STM32F1xx_HAL_Driver/Src/stm32f1xx_hal_gpio.o
 .debug_rnglists
                0x000003ec      0x23c ./Drivers/STM32F1xx_HAL_Driver/Src/stm32f1xx_hal_i2c.o
 .debug_rnglists
                0x00000628       0xf4 ./Drivers/STM32F1xx_HAL_Driver/Src/stm32f1xx_hal_pcd.o
 .debug_rnglists
                0x0000071c       0x6c ./Drivers/STM32F1xx_HAL_Driver/Src/stm32f1xx_hal_rcc.o
 .debug_rnglists
                0x00000788       0x21 ./Drivers/STM32F1xx_HAL_Driver/Src/stm32f1xx_hal_rcc_ex.o
 .debug_rnglists
                0x000007a9      0x1bc ./Drivers/STM32F1xx_HAL_Driver/Src/stm32f1xx_hal_uart.o
 .debug_rnglists
                0x00000965       0xbd ./Drivers/STM32F1xx_HAL_Driver/Src/stm32f1xx_ll_usb.o

.debug_macro    0x00000000    0x18544
 .debug_macro   0x00000000      0x30a ./Core/Src/SH1106.o
 .debug_macro   0x0000030a      0xacc ./Core/Src/SH1106.o
 .debug_macro   0x00000dd6      0x221 ./Core/Src/SH1106.o
 .debug_macro   0x00000ff7       0x2e ./Core/Src/SH1106.o
 .debug_macro   0x00001025       0x22 ./Core/Src/SH1106.o
 .debug_macro   0x00001047       0x22 ./Core/Src/SH1106.o
 .debug_macro   0x00001069       0x8e ./Core/Src/SH1106.o
 .debug_macro   0x000010f7       0x51 ./Core/Src/SH1106.o
 .debug_macro   0x00001148      0x103 ./Core/Src/SH1106.o
 .debug_macro   0x0000124b       0x6a ./Core/Src/SH1106.o
 .debug_macro   0x000012b5      0x1df ./Core/Src/SH1106.o
 .debug_macro   0x00001494       0x1c ./Core/Src/SH1106.o
 .debug_macro   0x000014b0       0x22 ./Core/Src/SH1106.o
 .debug_macro   0x000014d2       0xbd ./Core/Src/SH1106.o
 .debug_macro   0x0000158f      0xd23 ./Core/Src/SH1106.o
 .debug_macro   0x000022b2     0xe09e ./Core/Src/SH1106.o
 .debug_macro   0x00010350       0x6d ./Core/Src/SH1106.o
 .debug_macro   0x000103bd     0x34a2 ./Core/Src/SH1106.o
 .debug_macro   0x0001385f      0x190 ./Core/Src/SH1106.o
 .debug_macro   0x000139ef       0x5c ./Core/Src/SH1106.o
 .debug_macro   0x00013a4b      0x5bc ./Core/Src/SH1106.o
 .debug_macro   0x00014007      0x289 ./Core/Src/SH1106.o
 .debug_macro   0x00014290      0x1cb ./Core/Src/SH1106.o
 .debug_macro   0x0001445b      0x114 ./Core/Src/SH1106.o
 .debug_macro   0x0001456f      0x1b2 ./Core/Src/SH1106.o
 .debug_macro   0x00014721       0x27 ./Core/Src/SH1106.o
 .debug_macro   0x00014748      0x136 ./Core/Src/SH1106.o
 .debug_macro   0x0001487e      0x1bc ./Core/Src/SH1106.o
 .debug_macro   0x00014a3a       0x34 ./Core/Src/SH1106.o
 .debug_macro   0x00014a6e       0x3c ./Core/Src/SH1106.o
 .debug_macro   0x00014aaa       0x57 ./Core/Src/SH1106.o
 .debug_macro   0x00014b01       0x87 ./Core/Src/SH1106.o
 .debug_macro   0x00014b88      0x240 ./Core/Src/SH1106.o
 .debug_macro   0x00014dc8      0x287 ./Core/Src/SH1106.o
 .debug_macro   0x0001504f      0x140 ./Core/Src/SH1106.o
 .debug_macro   0x0001518f      0x28e ./Core/Src/SH1106.o
 .debug_macro   0x0001541d       0xb7 ./Core/Src/SH1106.o
 .debug_macro   0x000154d4      0x242 ./Core/Src/SH1106.o
 .debug_macro   0x00015716       0x83 ./Core/Src/SH1106.o
 .debug_macro   0x00015799       0x58 ./Core/Src/SH1106.o
 .debug_macro   0x000157f1       0x61 ./Core/Src/SH1106.o
 .debug_macro   0x00015852       0x24 ./Core/Src/SH1106.o
 .debug_macro   0x00015876       0x43 ./Core/Src/SH1106.o
 .debug_macro   0x000158b9       0x34 ./Core/Src/SH1106.o
 .debug_macro   0x000158ed      0x370 ./Core/Src/SH1106.o
 .debug_macro   0x00015c5d       0x16 ./Core/Src/SH1106.o
 .debug_macro   0x00015c73       0x4a ./Core/Src/SH1106.o
 .debug_macro   0x00015cbd       0x34 ./Core/Src/SH1106.o
 .debug_macro   0x00015cf1       0x10 ./Core/Src/SH1106.o
 .debug_macro   0x00015d01       0x58 ./Core/Src/SH1106.o
 .debug_macro   0x00015d59       0x8e ./Core/Src/SH1106.o
 .debug_macro   0x00015de7       0x1c ./Core/Src/SH1106.o
 .debug_macro   0x00015e03      0x185 ./Core/Src/SH1106.o
 .debug_macro   0x00015f88       0x10 ./Core/Src/SH1106.o
 .debug_macro   0x00015f98       0x3c ./Core/Src/SH1106.o
 .debug_macro   0x00015fd4       0x20 ./Core/Src/SH1106.o
 .debug_macro   0x00015ff4       0x16 ./Core/Src/SH1106.o
 .debug_macro   0x0001600a       0x16 ./Core/Src/SH1106.o
 .debug_macro   0x00016020       0x29 ./Core/Src/SH1106.o
 .debug_macro   0x00016049       0x1d ./Core/Src/SH1106.o
 .debug_macro   0x00016066      0x294 ./Core/Src/fonts.o
 .debug_macro   0x000162fa      0x1d5 ./Core/Src/gpio.o
 .debug_macro   0x000164cf      0x1d5 ./Core/Src/i2c.o
 .debug_macro   0x000166a4      0x346 ./Core/Src/main.o
 .debug_macro   0x000169ea      0x1cb ./Core/Src/stm32f1xx_hal_msp.o
 .debug_macro   0x00016bb5      0x1d5 ./Core/Src/stm32f1xx_it.o
 .debug_macro   0x00016d8a      0x1bc ./Core/Src/system_stm32f1xx.o
 .debug_macro   0x00016f46      0x1d5 ./Core/Src/usart.o
 .debug_macro   0x0001711b      0x1d5 ./Core/Src/usb.o
 .debug_macro   0x000172f0      0x1e0 ./Drivers/STM32F1xx_HAL_Driver/Src/stm32f1xx_hal.o
 .debug_macro   0x000174d0      0x1bc ./Drivers/STM32F1xx_HAL_Driver/Src/stm32f1xx_hal_cortex.o
 .debug_macro   0x0001768c      0x1bc ./Drivers/STM32F1xx_HAL_Driver/Src/stm32f1xx_hal_dma.o
 .debug_macro   0x00017848      0x227 ./Drivers/STM32F1xx_HAL_Driver/Src/stm32f1xx_hal_gpio.o
 .debug_macro   0x00017a6f      0x20a ./Drivers/STM32F1xx_HAL_Driver/Src/stm32f1xx_hal_i2c.o
 .debug_macro   0x00017c79      0x1c8 ./Drivers/STM32F1xx_HAL_Driver/Src/stm32f1xx_hal_pcd.o
 .debug_macro   0x00017e41      0x1ce ./Drivers/STM32F1xx_HAL_Driver/Src/stm32f1xx_hal_rcc.o
 .debug_macro   0x0001800f      0x1bc ./Drivers/STM32F1xx_HAL_Driver/Src/stm32f1xx_hal_rcc_ex.o
 .debug_macro   0x000181cb      0x1bd ./Drivers/STM32F1xx_HAL_Driver/Src/stm32f1xx_hal_uart.o
 .debug_macro   0x00018388      0x1bc ./Drivers/STM32F1xx_HAL_Driver/Src/stm32f1xx_ll_usb.o

.debug_line     0x00000000    0x123dc
 .debug_line    0x00000000      0xf4e ./Core/Src/SH1106.o
 .debug_line    0x00000f4e      0x89a ./Core/Src/fonts.o
 .debug_line    0x000017e8      0x73c ./Core/Src/gpio.o
 .debug_line    0x00001f24      0x797 ./Core/Src/i2c.o
 .debug_line    0x000026bb      0xbb7 ./Core/Src/main.o
 .debug_line    0x00003272      0x72e ./Core/Src/stm32f1xx_hal_msp.o
 .debug_line    0x000039a0      0x7f4 ./Core/Src/stm32f1xx_it.o
 .debug_line    0x00004194      0x7ac ./Core/Src/system_stm32f1xx.o
 .debug_line    0x00004940      0x7a4 ./Core/Src/usart.o
 .debug_line    0x000050e4      0x77c ./Core/Src/usb.o
 .debug_line    0x00005860       0x78 ./Core/Startup/startup_stm32f103c8tx.o
 .debug_line    0x000058d8      0x9dd ./Drivers/STM32F1xx_HAL_Driver/Src/stm32f1xx_hal.o
 .debug_line    0x000062b5      0xba7 ./Drivers/STM32F1xx_HAL_Driver/Src/stm32f1xx_hal_cortex.o
 .debug_line    0x00006e5c      0xde7 ./Drivers/STM32F1xx_HAL_Driver/Src/stm32f1xx_hal_dma.o
 .debug_line    0x00007c43      0xa3a ./Drivers/STM32F1xx_HAL_Driver/Src/stm32f1xx_hal_gpio.o
 .debug_line    0x0000867d     0x3bda ./Drivers/STM32F1xx_HAL_Driver/Src/stm32f1xx_hal_i2c.o
 .debug_line    0x0000c257     0x1362 ./Drivers/STM32F1xx_HAL_Driver/Src/stm32f1xx_hal_pcd.o
 .debug_line    0x0000d5b9      0xe96 ./Drivers/STM32F1xx_HAL_Driver/Src/stm32f1xx_hal_rcc.o
 .debug_line    0x0000e44f      0x947 ./Drivers/STM32F1xx_HAL_Driver/Src/stm32f1xx_hal_rcc_ex.o
 .debug_line    0x0000ed96     0x24f9 ./Drivers/STM32F1xx_HAL_Driver/Src/stm32f1xx_hal_uart.o
 .debug_line    0x0001128f     0x114d ./Drivers/STM32F1xx_HAL_Driver/Src/stm32f1xx_ll_usb.o

.debug_str      0x00000000    0x87bbb
 .debug_str     0x00000000    0x87bbb ./Core/Src/SH1106.o
                              0x8496b (size before relaxing)
 .debug_str     0x00087bbb        0x0 ./Core/Src/fonts.o
                              0x83f35 (size before relaxing)
 .debug_str     0x00087bbb        0x0 ./Core/Src/gpio.o
                              0x80ea4 (size before relaxing)
 .debug_str     0x00087bbb        0x0 ./Core/Src/i2c.o
                              0x8135e (size before relaxing)
 .debug_str     0x00087bbb        0x0 ./Core/Src/main.o
                              0x84ab3 (size before relaxing)
 .debug_str     0x00087bbb        0x0 ./Core/Src/stm32f1xx_hal_msp.o
                              0x80e2c (size before relaxing)
 .debug_str     0x00087bbb        0x0 ./Core/Src/stm32f1xx_it.o
                              0x8127c (size before relaxing)
 .debug_str     0x00087bbb        0x0 ./Core/Src/system_stm32f1xx.o
                              0x80d46 (size before relaxing)
 .debug_str     0x00087bbb        0x0 ./Core/Src/usart.o
                              0x81607 (size before relaxing)
 .debug_str     0x00087bbb        0x0 ./Core/Src/usb.o
                              0x81215 (size before relaxing)
 .debug_str     0x00087bbb        0x0 ./Core/Startup/startup_stm32f103c8tx.o
                                 0x9c (size before relaxing)
 .debug_str     0x00087bbb        0x0 ./Drivers/STM32F1xx_HAL_Driver/Src/stm32f1xx_hal.o
                              0x81479 (size before relaxing)
 .debug_str     0x00087bbb        0x0 ./Drivers/STM32F1xx_HAL_Driver/Src/stm32f1xx_hal_cortex.o
                              0x813c5 (size before relaxing)
 .debug_str     0x00087bbb        0x0 ./Drivers/STM32F1xx_HAL_Driver/Src/stm32f1xx_hal_dma.o
                              0x810ef (size before relaxing)
 .debug_str     0x00087bbb        0x0 ./Drivers/STM32F1xx_HAL_Driver/Src/stm32f1xx_hal_gpio.o
                              0x810cc (size before relaxing)
 .debug_str     0x00087bbb        0x0 ./Drivers/STM32F1xx_HAL_Driver/Src/stm32f1xx_hal_i2c.o
                              0x81e0d (size before relaxing)
 .debug_str     0x00087bbb        0x0 ./Drivers/STM32F1xx_HAL_Driver/Src/stm32f1xx_hal_pcd.o
                              0x81663 (size before relaxing)
 .debug_str     0x00087bbb        0x0 ./Drivers/STM32F1xx_HAL_Driver/Src/stm32f1xx_hal_rcc.o
                              0x81175 (size before relaxing)
 .debug_str     0x00087bbb        0x0 ./Drivers/STM32F1xx_HAL_Driver/Src/stm32f1xx_hal_rcc_ex.o
                              0x80ec5 (size before relaxing)
 .debug_str     0x00087bbb        0x0 ./Drivers/STM32F1xx_HAL_Driver/Src/stm32f1xx_hal_uart.o
                              0x817e6 (size before relaxing)
 .debug_str     0x00087bbb        0x0 ./Drivers/STM32F1xx_HAL_Driver/Src/stm32f1xx_ll_usb.o
                              0x81217 (size before relaxing)

.comment        0x00000000       0x43
 .comment       0x00000000       0x43 ./Core/Src/SH1106.o
                                 0x44 (size before relaxing)
 .comment       0x00000043        0x0 ./Core/Src/fonts.o
                                 0x44 (size before relaxing)
 .comment       0x00000043        0x0 ./Core/Src/gpio.o
                                 0x44 (size before relaxing)
 .comment       0x00000043        0x0 ./Core/Src/i2c.o
                                 0x44 (size before relaxing)
 .comment       0x00000043        0x0 ./Core/Src/main.o
                                 0x44 (size before relaxing)
 .comment       0x00000043        0x0 ./Core/Src/stm32f1xx_hal_msp.o
                                 0x44 (size before relaxing)
 .comment       0x00000043        0x0 ./Core/Src/stm32f1xx_it.o
                                 0x44 (size before relaxing)
 .comment       0x00000043        0x0 ./Core/Src/system_stm32f1xx.o
                                 0x44 (size before relaxing)
 .comment       0x00000043        0x0 ./Core/Src/usart.o
                                 0x44 (size before relaxing)
 .comment       0x00000043        0x0 ./Core/Src/usb.o
                                 0x44 (size before relaxing)
 .comment       0x00000043        0x0 ./Drivers/STM32F1xx_HAL_Driver/Src/stm32f1xx_hal.o
                                 0x44 (size before relaxing)
 .comment       0x00000043        0x0 ./Drivers/STM32F1xx_HAL_Driver/Src/stm32f1xx_hal_cortex.o
                                 0x44 (size before relaxing)
 .comment       0x00000043        0x0 ./Drivers/STM32F1xx_HAL_Driver/Src/stm32f1xx_hal_dma.o
                                 0x44 (size before relaxing)
 .comment       0x00000043        0x0 ./Drivers/STM32F1xx_HAL_Driver/Src/stm32f1xx_hal_gpio.o
                                 0x44 (size before relaxing)
 .comment       0x00000043        0x0 ./Drivers/STM32F1xx_HAL_Driver/Src/stm32f1xx_hal_i2c.o
                                 0x44 (size before relaxing)
 .comment       0x00000043        0x0 ./Drivers/STM32F1xx_HAL_Driver/Src/stm32f1xx_hal_pcd.o
                                 0x44 (size before relaxing)
 .comment       0x00000043        0x0 ./Drivers/STM32F1xx_HAL_Driver/Src/stm32f1xx_hal_rcc.o
                                 0x44 (size before relaxing)
 .comment       0x00000043        0x0 ./Drivers/STM32F1xx_HAL_Driver/Src/stm32f1xx_hal_rcc_ex.o
                                 0x44 (size before relaxing)
 .comment       0x00000043        0x0 ./Drivers/STM32F1xx_HAL_Driver/Src/stm32f1xx_hal_uart.o
                                 0x44 (size before relaxing)
 .comment       0x00000043        0x0 ./Drivers/STM32F1xx_HAL_Driver/Src/stm32f1xx_ll_usb.o
                                 0x44 (size before relaxing)

.debug_frame    0x00000000     0x3564
 .debug_frame   0x00000000      0x340 ./Core/Src/SH1106.o
 .debug_frame   0x00000340       0x38 ./Core/Src/fonts.o
 .debug_frame   0x00000378       0x34 ./Core/Src/gpio.o
 .debug_frame   0x000003ac       0x74 ./Core/Src/i2c.o
 .debug_frame   0x00000420       0xfc ./Core/Src/main.o
 .debug_frame   0x0000051c       0x38 ./Core/Src/stm32f1xx_hal_msp.o
 .debug_frame   0x00000554      0x120 ./Core/Src/stm32f1xx_it.o
 .debug_frame   0x00000674       0x58 ./Core/Src/system_stm32f1xx.o
 .debug_frame   0x000006cc       0x74 ./Core/Src/usart.o
 .debug_frame   0x00000740       0x7c ./Core/Src/usb.o
 .debug_frame   0x000007bc      0x334 ./Drivers/STM32F1xx_HAL_Driver/Src/stm32f1xx_hal.o
 .debug_frame   0x00000af0      0x428 ./Drivers/STM32F1xx_HAL_Driver/Src/stm32f1xx_hal_cortex.o
 .debug_frame   0x00000f18      0x208 ./Drivers/STM32F1xx_HAL_Driver/Src/stm32f1xx_hal_dma.o
 .debug_frame   0x00001120      0x14c ./Drivers/STM32F1xx_HAL_Driver/Src/stm32f1xx_hal_gpio.o
 .debug_frame   0x0000126c      0xc84 ./Drivers/STM32F1xx_HAL_Driver/Src/stm32f1xx_hal_i2c.o
 .debug_frame   0x00001ef0      0x594 ./Drivers/STM32F1xx_HAL_Driver/Src/stm32f1xx_hal_pcd.o
 .debug_frame   0x00002484      0x218 ./Drivers/STM32F1xx_HAL_Driver/Src/stm32f1xx_hal_rcc.o
 .debug_frame   0x0000269c       0x80 ./Drivers/STM32F1xx_HAL_Driver/Src/stm32f1xx_hal_rcc_ex.o
 .debug_frame   0x0000271c      0x944 ./Drivers/STM32F1xx_HAL_Driver/Src/stm32f1xx_hal_uart.o
 .debug_frame   0x00003060      0x470 ./Drivers/STM32F1xx_HAL_Driver/Src/stm32f1xx_ll_usb.o
 .debug_frame   0x000034d0       0x20 C:/ST/STM32CubeIDE_2.0.0/STM32CubeIDE/plugins/com.st.stm32cube.ide.mcu.externaltools.gnu-tools-for-stm32.13.3.rel1.win32_1.0.100.202509120712/tools/bin/../lib/gcc/arm-none-eabi/13.3.1/../../../../arm-none-eabi/lib/thumb/v7-m/nofp\libc_nano.a(libc_a-memset.o)
 .debug_frame   0x000034f0       0x28 C:/ST/STM32CubeIDE_2.0.0/STM32CubeIDE/plugins/com.st.stm32cube.ide.mcu.externaltools.gnu-tools-for-stm32.13.3.rel1.win32_1.0.100.202509120712/tools/bin/../lib/gcc/arm-none-eabi/13.3.1/../../../../arm-none-eabi/lib/thumb/v7-m/nofp\libc_nano.a(libc_a-strncpy.o)
 .debug_frame   0x00003518       0x2c C:/ST/STM32CubeIDE_2.0.0/STM32CubeIDE/plugins/com.st.stm32cube.ide.mcu.externaltools.gnu-tools-for-stm32.13.3.rel1.win32_1.0.100.202509120712/tools/bin/../lib/gcc/arm-none-eabi/13.3.1/../../../../arm-none-eabi/lib/thumb/v7-m/nofp\libc_nano.a(libc_a-init.o)
 .debug_frame   0x00003544       0x20 C:/ST/STM32CubeIDE_2.0.0/STM32CubeIDE/plugins/com.st.stm32cube.ide.mcu.externaltools.gnu-tools-for-stm32.13.3.rel1.win32_1.0.100.202509120712/tools/bin/../lib/gcc/arm-none-eabi/13.3.1/../../../../arm-none-eabi/lib/thumb/v7-m/nofp\libc_nano.a(libc_a-strcmp.o)

.debug_line_str
                0x00000000       0x80
 .debug_line_str
                0x00000000       0x80 ./Core/Startup/startup_stm32f103c8tx.o
