Archive member included to satisfy reference by file (symbol)

C:/ST/STM32CubeIDE_2.0.0/STM32CubeIDE/plugins/com.st.stm32cube.ide.mcu.externaltools.gnu-tools-for-stm32.13.3.rel1.win32_1.0.100.202509120712/tools/bin/../lib/gcc/arm-none-eabi/13.3.1/../../../../arm-none-eabi/lib/thumb/v7-m/nofp\libc_nano.a(libc_a-exit.o)
                              C:/ST/STM32CubeIDE_2.0.0/STM32CubeIDE/plugins/com.st.stm32cube.ide.mcu.externaltools.gnu-tools-for-stm32.13.3.rel1.win32_1.0.100.202509120712/tools/bin/../lib/gcc/arm-none-eabi/13.3.1/../../../../arm-none-eabi/lib/thumb/v7-m/nofp/crt0.o (exit)
C:/ST/STM32CubeIDE_2.0.0/STM32CubeIDE/plugins/com.st.stm32cube.ide.mcu.externaltools.gnu-tools-for-stm32.13.3.rel1.win32_1.0.100.202509120712/tools/bin/../lib/gcc/arm-none-eabi/13.3.1/../../../../arm-none-eabi/lib/thumb/v7-m/nofp\libc_nano.a(libc_a-findfp.o)
                              C:/ST/STM32CubeIDE_2.0.0/STM32CubeIDE/plugins/com.st.stm32cube.ide.mcu.externaltools.gnu-tools-for-stm32.13.3.rel1.win32_1.0.100.202509120712/tools/bin/../lib/gcc/arm-none-eabi/13.3.1/../../../../arm-none-eabi/lib/thumb/v7-m/nofp\libc_nano.a(libc_a-exit.o) (__stdio_exit_handler)
C:/ST/STM32CubeIDE_2.0.0/STM32CubeIDE/plugins/com.st.stm32cube.ide.mcu.externaltools.gnu-tools-for-stm32.13.3.rel1.win32_1.0.100.202509120712/tools/bin/../lib/gcc/arm-none-eabi/13.3.1/../../../../arm-none-eabi/lib/thumb/v7-m/nofp\libc_nano.a(libc_a-fwalk.o)
                              C:/ST/STM32CubeIDE_2.0.0/STM32CubeIDE/plugins/com.st.stm32cube.ide.mcu.externaltools.gnu-tools-for-stm32.13.3.rel1.win32_1.0.100.202509120712/tools/bin/../lib/gcc/arm-none-eabi/13.3.1/../../../../arm-none-eabi/lib/thumb/v7-m/nofp\libc_nano.a(libc_a-findfp.o) (_fwalk_sglue)
C:/ST/STM32CubeIDE_2.0.0/STM32CubeIDE/plugins/com.st.stm32cube.ide.mcu.externaltools.gnu-tools-for-stm32.13.3.rel1.win32_1.0.100.202509120712/tools/bin/../lib/gcc/arm-none-eabi/13.3.1/../../../../arm-none-eabi/lib/thumb/v7-m/nofp\libc_nano.a(libc_a-stdio.o)
                              C:/ST/STM32CubeIDE_2.0.0/STM32CubeIDE/plugins/com.st.stm32cube.ide.mcu.externaltools.gnu-tools-for-stm32.13.3.rel1.win32_1.0.100.202509120712/tools/bin/../lib/gcc/arm-none-eabi/13.3.1/../../../../arm-none-eabi/lib/thumb/v7-m/nofp\libc_nano.a(libc_a-findfp.o) (__sread)
C:/ST/STM32CubeIDE_2.0.0/STM32CubeIDE/plugins/com.st.stm32cube.ide.mcu.externaltools.gnu-tools-for-stm32.13.3.rel1.win32_1.0.100.202509120712/tools/bin/../lib/gcc/arm-none-eabi/13.3.1/../../../../arm-none-eabi/lib/thumb/v7-m/nofp\libc_nano.a(libc_a-memset.o)
                              C:/ST/STM32CubeIDE_2.0.0/STM32CubeIDE/plugins/com.st.stm32cube.ide.mcu.externaltools.gnu-tools-for-stm32.13.3.rel1.win32_1.0.100.202509120712/tools/bin/../lib/gcc/arm-none-eabi/13.3.1/../../../../arm-none-eabi/lib/thumb/v7-m/nofp/crt0.o (memset)
C:/ST/STM32CubeIDE_2.0.0/STM32CubeIDE/plugins/com.st.stm32cube.ide.mcu.externaltools.gnu-tools-for-stm32.13.3.rel1.win32_1.0.100.202509120712/tools/bin/../lib/gcc/arm-none-eabi/13.3.1/../../../../arm-none-eabi/lib/thumb/v7-m/nofp\libc_nano.a(libc_a-strncpy.o)
                              ./Core/Src/main.o (strncpy)
C:/ST/STM32CubeIDE_2.0.0/STM32CubeIDE/plugins/com.st.stm32cube.ide.mcu.externaltools.gnu-tools-for-stm32.13.3.rel1.win32_1.0.100.202509120712/tools/bin/../lib/gcc/arm-none-eabi/13.3.1/../../../../arm-none-eabi/lib/thumb/v7-m/nofp\libc_nano.a(libc_a-closer.o)
                              C:/ST/STM32CubeIDE_2.0.0/STM32CubeIDE/plugins/com.st.stm32cube.ide.mcu.externaltools.gnu-tools-for-stm32.13.3.rel1.win32_1.0.100.202509120712/tools/bin/../lib/gcc/arm-none-eabi/13.3.1/../../../../arm-none-eabi/lib/thumb/v7-m/nofp\libc_nano.a(libc_a-stdio.o) (_close_r)
C:/ST/STM32CubeIDE_2.0.0/STM32CubeIDE/plugins/com.st.stm32cube.ide.mcu.externaltools.gnu-tools-for-stm32.13.3.rel1.win32_1.0.100.202509120712/tools/bin/../lib/gcc/arm-none-eabi/13.3.1/../../../../arm-none-eabi/lib/thumb/v7-m/nofp\libc_nano.a(libc_a-reent.o)
                              C:/ST/STM32CubeIDE_2.0.0/STM32CubeIDE/plugins/com.st.stm32cube.ide.mcu.externaltools.gnu-tools-for-stm32.13.3.rel1.win32_1.0.100.202509120712/tools/bin/../lib/gcc/arm-none-eabi/13.3.1/../../../../arm-none-eabi/lib/thumb/v7-m/nofp\libc_nano.a(libc_a-closer.o) (errno)
C:/ST/STM32CubeIDE_2.0.0/STM32CubeIDE/plugins/com.st.stm32cube.ide.mcu.externaltools.gnu-tools-for-stm32.13.3.rel1.win32_1.0.100.202509120712/tools/bin/../lib/gcc/arm-none-eabi/13.3.1/../../../../arm-none-eabi/lib/thumb/v7-m/nofp\libc_nano.a(libc_a-impure.o)
                              C:/ST/STM32CubeIDE_2.0.0/STM32CubeIDE/plugins/com.st.stm32cube.ide.mcu.externaltools.gnu-tools-for-stm32.13.3.rel1.win32_1.0.100.202509120712/tools/bin/../lib/gcc/arm-none-eabi/13.3.1/../../../../arm-none-eabi/lib/thumb/v7-m/nofp\libc_nano.a(libc_a-reent.o) (_impure_ptr)
[...]
Memory Configuration

Name             Origin             Length             Attributes
RAM              0x20000000         0x00005000         xrw
FLASH            0x08000000         0x00010000         xr
*default*        0x00000000         0xffffffff

Linker script and memory map

LOAD C:/ST/STM32CubeIDE_2.0.0/STM32CubeIDE/plugins/com.st.stm32cube.ide.mcu.externaltools.gnu-tools-for-stm32.13.3.rel1.win32_1.0.100.202509120712/tools/bin/../lib/gcc/arm-none-eabi/13.3.1/thumb/v7-m/nofp/crti.o
LOAD C:/ST/STM32CubeIDE_2.0.0/STM32CubeIDE/plugins/com.st.stm32cube.ide.mcu.externaltools.gnu-tools-for-stm32.13.3.rel1.win32_1.0.100.202509120712/tools/bin/../lib/gcc/arm-none-eabi/13.3.1/thumb/v7-m/nofp/crtbegin.o
LOAD C:/ST/STM32CubeIDE_2.0.0/STM32CubeIDE/plugins/com.st.stm32cube.ide.mcu.externaltools.gnu-tools-for-stm32.13.3.rel1.win32_1.0.100.202509120712/tools/bin/../lib/gcc/arm-none-eabi/13.3.1/../../../../arm-none-eabi/lib/thumb/v7-m/nofp/crt0.o
LOAD ./Core/Src/SH1106.o
LOAD ./Core/Src/fonts.o
LOAD ./Core/Src/gpio.o
LOAD ./Core/Src/i2c.o
LOAD ./Core/Src/main.o
LOAD ./Core/Src/stm32f1xx_hal_msp.o
LOAD ./Core/Src/stm32f1xx_it.o
LOAD ./Core/Src/syscalls.o
LOAD ./Core/Src/sysmem.o
LOAD ./Core/Src/system_stm32f1xx.o
LOAD ./Core/Src/usart.o
LOAD ./Core/Startup/startup_stm32f103c8tx.o
LOAD ./Drivers/STM32F1xx_HAL_Driver/Src/stm32f1xx_hal.o
LOAD ./Drivers/STM32F1xx_HAL_Driver/Src/stm32f1xx_hal_cortex.o
LOAD ./Drivers/STM32F1xx_HAL_Driver/Src/stm32f1xx_hal_dma.o
LOAD ./Drivers/STM32F1xx_HAL_Driver/Src/stm32f1xx_hal_exti.o
LOAD ./Drivers/STM32F1xx_HAL_Driver/Src/stm32f1xx_hal_flash.o
LOAD ./Drivers/STM32F1xx_HAL_Driver/Src/stm32f1xx_hal_flash_ex.o
LOAD ./Drivers/STM32F1xx_HAL_Driver/Src/stm32f1xx_hal_gpio.o
LOAD ./Drivers/STM32F1xx_HAL_Driver/Src/stm32f1xx_hal_gpio_ex.o
LOAD ./Drivers/STM32F1xx_HAL_Driver/Src/stm32f1xx_hal_i2c.o
LOAD ./Drivers/STM32F1xx_HAL_Driver/Src/stm32f1xx_hal_pwr.o
LOAD ./Drivers/STM32F1xx_HAL_Driver/Src/stm32f1xx_hal_rcc.o
LOAD ./Drivers/STM32F1xx_HAL_Driver/Src/stm32f1xx_hal_rcc_ex.o
LOAD ./Drivers/STM32F1xx_HAL_Driver/Src/stm32f1xx_hal_uart.o
START GROUP
LOAD C:/ST/STM32CubeIDE_2.0.0/STM32CubeIDE/plugins/com.st.stm32cube.ide.mcu.externaltools.gnu-tools-for-stm32.13.3.rel1.win32_1.0.100.202509120712/tools/bin/../lib/gcc/arm-none-eabi/13.3.1/../../../../arm-none-eabi/lib/thumb/v7-m/nofp\libc_nano.a
LOAD C:/ST/STM32CubeIDE_2.0.0/STM32CubeIDE/plugins/com.st.stm32cube.ide.mcu.externaltools.gnu-tools-for-stm32.13.3.rel1.win32_1.0.100.202509120712/tools/bin/../lib/gcc/arm-none-eabi/13.3.1/../../../../arm-none-eabi/lib/thumb/v7-m/nofp\libm.a
END GROUP
START GROUP
LOAD C:/ST/STM32CubeIDE_2.0.0/STM32CubeIDE/plugins/com.st.stm32cube.ide.mcu.externaltools.gnu-tools-for-stm32.13.3.rel1.win32_1.0.100.202509120712/tools/bin/../lib/gcc/arm-none-eabi/13.3.1/thumb/v7-m/nofp\libgcc.a
LOAD C:/ST/STM32CubeIDE_2.0.0/STM32CubeIDE/plugins/com.st.stm32cube.ide.mcu.externaltools.gnu-tools-for-stm32.13.3.rel1.win32_1.0.100.202509120712/tools/bin/../lib/gcc/arm-none-eabi/13.3.1/../../../../arm-none-eabi/lib/thumb/v7-m/nofp\libc_nano.a
END GROUP
START GROUP
LOAD C:/ST/STM32CubeIDE_2.0.0/STM32CubeIDE/plugins/com.st.stm32cube.ide.mcu.externaltools.gnu-tools-for-stm32.13.3.rel1.win32_1.0.100.202509120712/tools/bin/../lib/gcc/arm-none-eabi/13.3.1/thumb/v7-m/nofp\libgcc.a
LOAD C:/ST/STM32CubeIDE_2.0.0/STM32CubeIDE/plugins/com.st.stm32cube.ide.mcu.externaltools.gnu-tools-for-stm32.13.3.rel1.win32_1.0.100.202509120712/tools/bin/../lib/gcc/arm-none-eabi/13.3.1/../../../../arm-none-eabi/lib/thumb/v7-m/nofp\libc_nano.a
LOAD C:/ST/STM32CubeIDE_2.0.0/STM32CubeIDE/plugins/com.st.stm32cube.ide.mcu.externaltools.gnu-tools-for-stm32.13.3.rel1.win32_1.0.100.202509120712/tools/bin/../lib/gcc/arm-none-eabi/13.3.1/../../../../arm-none-eabi/lib/thumb/v7-m/nofp\libnosys.a
END GROUP
START GROUP
LOAD C:/ST/STM32CubeIDE_2.0.0/STM32CubeIDE/plugins/com.st.stm32cube.ide.mcu.externaltools.gnu-tools-for-stm32.13.3.rel1.win32_1.0.100.202509120712/tools/bin/../lib/gcc/arm-none-eabi/13.3.1/thumb/v7-m/nofp\libgcc.a
LOAD C:/ST/STM32CubeIDE_2.0.0/STM32CubeIDE/plugins/com.st.stm32cube.ide.mcu.externaltools.gnu-tools-for-stm32.13.3.rel1.win32_1.0.100.202509120712/tools/bin/../lib/gcc/arm-none-eabi/13.3.1/../../../../arm-none-eabi/lib/thumb/v7-m/nofp\libc_nano.a
LOAD C:/ST/STM32CubeIDE_2.0.0/STM32CubeIDE/plugins/com.st.stm32cube.ide.mcu.externaltools.gnu-tools-for-stm32.13.3.rel1.win32_1.0.100.202509120712/tools/bin/../lib/gcc/arm-none-eabi/13.3.1/../../../../arm-none-eabi/lib/thumb/v7-m/nofp\libnosys.a
END GROUP
LOAD C:/ST/STM32CubeIDE_2.0.0/STM32CubeIDE/plugins/com.st.stm32cube.ide.mcu.externaltools.gnu-tools-for-stm32.13.3.rel1.win32_1.0.100.202509120712/tools/bin/../lib/gcc/arm-none-eabi/13.3.1/thumb/v7-m/nofp/crtend.o
LOAD C:/ST/STM32CubeIDE_2.0.0/STM32CubeIDE/plugins/com.st.stm32cube.ide.mcu.externaltools.gnu-tools-for-stm32.13.3.rel1.win32_1.0.100.202509120712/tools/bin/../lib/gcc/arm-none-eabi/13.3.1/thumb/v7-m/nofp/crtn.o
                0x20005000                        _estack = (ORIGIN (RAM) + LENGTH (RAM))
                0x00000200                        _Min_Heap_Size = 0x200
                0x00000400                        _Min_Stack_Size = 0x400

.isr_vector     0x08000000      0x10c
                0x08000000                        . = ALIGN (0x4)
 *(.isr_vector)
 .isr_vector    0x08000000      0x10c ./Core/Startup/startup_stm32f103c8tx.o
                0x08000000                g_pfnVectors
                0x0800010c                        . = ALIGN (0x4)

.text           0x0800010c     0x3628
                0x0800010c                        . = ALIGN (0x4)
 *(.text)
 .text          0x0800010c       0x40 C:/ST/STM32CubeIDE_2.0.0/STM32CubeIDE/plugins/com.st.stm32cube.ide.mcu.externaltools.gnu-tools-for-stm32.13.3.rel1.win32_1.0.100.202509120712/tools/bin/../lib/gcc/arm-none-eabi/13.3.1/thumb/v7-m/nofp/crtbegin.o
 .text          0x0800014c       0x14 C:/ST/STM32CubeIDE_2.0.0/STM32CubeIDE/plugins/com.st.stm32cube.ide.mcu.externaltools.gnu-tools-for-stm32.13.3.rel1.win32_1.0.100.202509120712/tools/bin/../lib/gcc/arm-none-eabi/13.3.1/../../../../arm-none-eabi/lib/thumb/v7-m/nofp\libc_nano.a(libc_a-strcmp.o)
                0x0800014c                strcmp
 *(.text*)
 .text.SH1106_Init
                0x08000160      0x148 ./Core/Src/SH1106.o
                0x08000160                SH1106_Init
 .text.SH1106_UpdateScreen
                0x080002a8       0x5c ./Core/Src/SH1106.o
                0x080002a8                SH1106_UpdateScreen
 .text.SH1106_Fill
                0x08000304       0x30 ./Core/Src/SH1106.o
                0x08000304                SH1106_Fill
 .text.SH1106_DrawPixel
                0x08000334       0xbc ./Core/Src/SH1106.o
                0x08000334                SH1106_DrawPixel
 .text.SH1106_GotoXY
                0x080003f0       0x2c ./Core/Src/SH1106.o
                0x080003f0                SH1106_GotoXY
 .text.SH1106_Putc
                0x0800041c       0xfc ./Core/Src/SH1106.o
                0x0800041c                SH1106_Putc
 .text.SH1106_Puts
                0x08000518       0x4a ./Core/Src/SH1106.o
                0x08000518                SH1106_Puts
 .text.SH1106_Clear
                0x08000562       0x12 ./Core/Src/SH1106.o
                0x08000562                SH1106_Clear
 .text.SH1106_I2C_WriteMulti
                0x08000574       0xcc ./Core/Src/SH1106.o
                0x08000574                SH1106_I2C_WriteMulti
 .text.SH1106_I2C_Write
                0x08000640       0x3c ./Core/Src/SH1106.o
                0x08000640                SH1106_I2C_Write
 .text.MX_GPIO_Init
                0x0800067c       0x94 ./Core/Src/gpio.o
                0x0800067c                MX_GPIO_Init
 .text.MX_I2C1_Init
                0x08000710       0x5c ./Core/Src/i2c.o
                0x08000710                MX_I2C1_Init
 .text.HAL_I2C_MspInit
                0x0800076c       0x7c ./Core/Src/i2c.o
                0x0800076c                HAL_I2C_MspInit
 .text.bytes_to_hex
                0x080007e8       0xa4 ./Core/Src/main.o
 .text.OLED_Show_EPC_If_New
                0x0800088c      0x114 ./Core/Src/main.o
 .text.OLED_Show_Empty_If_Needed
                0x080009a0       0x74 ./Core/Src/main.o
 .text.main     0x08000a14      0x118 ./Core/Src/main.o
                0x08000a14                main
 .text.SystemClock_Config
                0x08000b2c       0x8a ./Core/Src/main.o
                0x08000b2c                SystemClock_Config
 *fill*         0x08000bb6        0x2 
 .text.HAL_UART_RxCpltCallback
                0x08000bb8       0x6c ./Core/Src/main.o
                0x08000bb8                HAL_UART_RxCpltCallback
 .text.Error_Handler
                0x08000c24        0xc ./Core/Src/main.o
                0x08000c24                Error_Handler
 .text.HAL_MspInit
                0x08000c30       0x64 ./Core/Src/stm32f1xx_hal_msp.o
                0x08000c30                HAL_MspInit
 .text.NMI_Handler
                0x08000c94        0x8 ./Core/Src/stm32f1xx_it.o
                0x08000c94                NMI_Handler
 .text.HardFault_Handler
                0x08000c9c        0x8 ./Core/Src/stm32f1xx_it.o
                0x08000c9c                HardFault_Handler
 .text.MemManage_Handler
                0x08000ca4        0x8 ./Core/Src/stm32f1xx_it.o
                0x08000ca4                MemManage_Handler
 .text.BusFault_Handler
                0x08000cac        0x8 ./Core/Src/stm32f1xx_it.o
                0x08000cac                BusFault_Handler
 .text.UsageFault_Handler
                0x08000cb4        0x8 ./Core/Src/stm32f1xx_it.o
                0x08000cb4                UsageFault_Handler
 .text.SVC_Handler
                0x08000cbc        0xc ./Core/Src/stm32f1xx_it.o
                0x08000cbc                SVC_Handler
 .text.DebugMon_Handler
                0x08000cc8        0xc ./Core/Src/stm32f1xx_it.o
                0x08000cc8                DebugMon_Handler
 .text.PendSV_Handler
                0x08000cd4        0xc ./Core/Src/stm32f1xx_it.o
                0x08000cd4                PendSV_Handler
 .text.SysTick_Handler
                0x08000ce0        0xc ./Core/Src/stm32f1xx_it.o
                0x08000ce0                SysTick_Handler
 .text.USART2_IRQHandler
                0x08000cec       0x14 ./Core/Src/stm32f1xx_it.o
                0x08000cec                USART2_IRQHandler
 .text.SystemInit
                0x08000d00        0xc ./Core/Src/system_stm32f1xx.o
                0x08000d00                SystemInit
 .text.MX_USART2_UART_Init
                0x08000d0c       0x54 ./Core/Src/usart.o
                0x08000d0c                MX_USART2_UART_Init
 .text.HAL_UART_MspInit
                0x08000d60       0xa4 ./Core/Src/usart.o
                0x08000d60                HAL_UART_MspInit
 .text.Reset_Handler
                0x08000e04       0x48 ./Core/Startup/startup_stm32f103c8tx.o
                0x08000e04                Reset_Handler
 .text.Default_Handler
                0x08000e4c        0x2 ./Core/Startup/startup_stm32f103c8tx.o
                0x08000e4c                RTC_Alarm_IRQHandler
                0x08000e4c                EXTI2_IRQHandler
                0x08000e4c                TIM1_CC_IRQHandler
                0x08000e4c                PVD_IRQHandler
                0x08000e4c                EXTI3_IRQHandler
                0x08000e4c                EXTI0_IRQHandler
                0x08000e4c                I2C2_EV_IRQHandler
                0x08000e4c                ADC1_2_IRQHandler
                0x08000e4c                SPI1_IRQHandler
                0x08000e4c                TAMPER_IRQHandler
                0x08000e4c                DMA1_Channel4_IRQHandler
                0x08000e4c                USART3_IRQHandler
                0x08000e4c                RTC_IRQHandler
                0x08000e4c                DMA1_Channel7_IRQHandler
                0x08000e4c                CAN1_RX1_IRQHandler
                0x08000e4c                TIM4_IRQHandler
                0x08000e4c                I2C1_EV_IRQHandler
                0x08000e4c                DMA1_Channel6_IRQHandler
                0x08000e4c                TIM3_IRQHandler
                0x08000e4c                RCC_IRQHandler
                0x08000e4c                TIM1_TRG_COM_IRQHandler
                0x08000e4c                DMA1_Channel1_IRQHandler
                0x08000e4c                Default_Handler
                0x08000e4c                EXTI15_10_IRQHandler
                0x08000e4c                EXTI9_5_IRQHandler
                0x08000e4c                SPI2_IRQHandler
                0x08000e4c                DMA1_Channel5_IRQHandler
                0x08000e4c                EXTI4_IRQHandler
                0x08000e4c                USB_LP_CAN1_RX0_IRQHandler
                0x08000e4c                USB_HP_CAN1_TX_IRQHandler
                0x08000e4c                DMA1_Channel3_IRQHandler
                0x08000e4c                TIM1_UP_IRQHandler
                0x08000e4c                WWDG_IRQHandler
                0x08000e4c                TIM2_IRQHandler
                0x08000e4c                TIM1_BRK_IRQHandler
                0x08000e4c                EXTI1_IRQHandler
                0x08000e4c                I2C2_ER_IRQHandler
                0x08000e4c                DMA1_Channel2_IRQHandler
                0x08000e4c                CAN1_SCE_IRQHandler
                0x08000e4c                FLASH_IRQHandler
                0x08000e4c                USART1_IRQHandler
                0x08000e4c                I2C1_ER_IRQHandler
                0x08000e4c                USBWakeUp_IRQHandler
 *fill*         0x08000e4e        0x2 
 .text.HAL_Init
                0x08000e50       0x2c ./Drivers/STM32F1xx_HAL_Driver/Src/stm32f1xx_hal.o
                0x08000e50                HAL_Init
 .text.HAL_InitTick
                0x08000e7c       0x60 ./Drivers/STM32F1xx_HAL_Driver/Src/stm32f1xx_hal.o
                0x08000e7c                HAL_InitTick
 .text.HAL_IncTick
                0x08000edc       0x24 ./Drivers/STM32F1xx_HAL_Driver/Src/stm32f1xx_hal.o
                0x08000edc                HAL_IncTick
 .text.HAL_GetTick
                0x08000f00       0x14 ./Drivers/STM32F1xx_HAL_Driver/Src/stm32f1xx_hal.o
                0x08000f00                HAL_GetTick
 .text.HAL_Delay
                0x08000f14       0x48 ./Drivers/STM32F1xx_HAL_Driver/Src/stm32f1xx_hal.o
                0x08000f14                HAL_Delay
 .text.__NVIC_SetPriorityGrouping
                0x08000f5c       0x48 ./Drivers/STM32F1xx_HAL_Driver/Src/stm32f1xx_hal_cortex.o
 .text.__NVIC_GetPriorityGrouping
                0x08000fa4       0x1c ./Drivers/STM32F1xx_HAL_Driver/Src/stm32f1xx_hal_cortex.o
 .text.__NVIC_EnableIRQ
                0x08000fc0       0x38 ./Drivers/STM32F1xx_HAL_Driver/Src/stm32f1xx_hal_cortex.o
 .text.__NVIC_SetPriority
                0x08000ff8       0x54 ./Drivers/STM32F1xx_HAL_Driver/Src/stm32f1xx_hal_cortex.o
 .text.NVIC_EncodePriority
                0x0800104c       0x64 ./Drivers/STM32F1xx_HAL_Driver/Src/stm32f1xx_hal_cortex.o
 .text.SysTick_Config
                0x080010b0       0x44 ./Drivers/STM32F1xx_HAL_Driver/Src/stm32f1xx_hal_cortex.o
 .text.HAL_NVIC_SetPriorityGrouping
                0x080010f4       0x16 ./Drivers/STM32F1xx_HAL_Driver/Src/stm32f1xx_hal_cortex.o
                0x080010f4                HAL_NVIC_SetPriorityGrouping
 .text.HAL_NVIC_SetPriority
                0x0800110a       0x38 ./Drivers/STM32F1xx_HAL_Driver/Src/stm32f1xx_hal_cortex.o
                0x0800110a                HAL_NVIC_SetPriority
 .text.HAL_NVIC_EnableIRQ
                0x08001142       0x1c ./Drivers/STM32F1xx_HAL_Driver/Src/stm32f1xx_hal_cortex.o
                0x08001142                HAL_NVIC_EnableIRQ
 .text.HAL_SYSTICK_Config
                0x0800115e       0x18 ./Drivers/STM32F1xx_HAL_Driver/Src/stm32f1xx_hal_cortex.o
                0x0800115e                HAL_SYSTICK_Config
 .text.HAL_DMA_Abort
                0x08001176       0x76 ./Drivers/STM32F1xx_HAL_Driver/Src/stm32f1xx_hal_dma.o
                0x08001176                HAL_DMA_Abort
 .text.HAL_DMA_Abort_IT
                0x080011ec       0xf0 ./Drivers/STM32F1xx_HAL_Driver/Src/stm32f1xx_hal_dma.o
                0x080011ec                HAL_DMA_Abort_IT
 .text.HAL_GPIO_Init
                0x080012dc      0x308 ./Drivers/STM32F1xx_HAL_Driver/Src/stm32f1xx_hal_gpio.o
                0x080012dc                HAL_GPIO_Init
 .text.HAL_GPIO_WritePin
                0x080015e4       0x30 ./Drivers/STM32F1xx_HAL_Driver/Src/stm32f1xx_hal_gpio.o
                0x080015e4                HAL_GPIO_WritePin
 .text.HAL_I2C_Init
                0x08001614      0x288 ./Drivers/STM32F1xx_HAL_Driver/Src/stm32f1xx_hal_i2c.o
                0x08001614                HAL_I2C_Init
 .text.HAL_I2C_Master_Transmit
                0x0800189c      0x1fc ./Drivers/STM32F1xx_HAL_Driver/Src/stm32f1xx_hal_i2c.o
                0x0800189c                HAL_I2C_Master_Transmit
 .text.HAL_I2C_IsDeviceReady
                0x08001a98      0x25c ./Drivers/STM32F1xx_HAL_Driver/Src/stm32f1xx_hal_i2c.o
                0x08001a98                HAL_I2C_IsDeviceReady
 .text.I2C_MasterRequestWrite
                0x08001cf4      0x104 ./Drivers/STM32F1xx_HAL_Driver/Src/stm32f1xx_hal_i2c.o
 .text.I2C_WaitOnFlagUntilTimeout
                0x08001df8       0xf4 ./Drivers/STM32F1xx_HAL_Driver/Src/stm32f1xx_hal_i2c.o
 .text.I2C_WaitOnMasterAddressFlagUntilTimeout
                0x08001eec      0x140 ./Drivers/STM32F1xx_HAL_Driver/Src/stm32f1xx_hal_i2c.o
 .text.I2C_WaitOnTXEFlagUntilTimeout
                0x0800202c       0x90 ./Drivers/STM32F1xx_HAL_Driver/Src/stm32f1xx_hal_i2c.o
 .text.I2C_WaitOnBTFFlagUntilTimeout
                0x080020bc       0x90 ./Drivers/STM32F1xx_HAL_Driver/Src/stm32f1xx_hal_i2c.o
 .text.I2C_IsAcknowledgeFailed
                0x0800214c       0x5c ./Drivers/STM32F1xx_HAL_Driver/Src/stm32f1xx_hal_i2c.o
 .text.HAL_RCC_OscConfig
                0x080021a8      0x504 ./Drivers/STM32F1xx_HAL_Driver/Src/stm32f1xx_hal_rcc.o
                0x080021a8                HAL_RCC_OscConfig
 .text.HAL_RCC_ClockConfig
                0x080026ac      0x1d4 ./Drivers/STM32F1xx_HAL_Driver/Src/stm32f1xx_hal_rcc.o
                0x080026ac                HAL_RCC_ClockConfig
 .text.HAL_RCC_GetSysClockFreq
                0x08002880       0xa8 ./Drivers/STM32F1xx_HAL_Driver/Src/stm32f1xx_hal_rcc.o
                0x08002880                HAL_RCC_GetSysClockFreq
 .text.HAL_RCC_GetHCLKFreq
                0x08002928       0x14 ./Drivers/STM32F1xx_HAL_Driver/Src/stm32f1xx_hal_rcc.o
                0x08002928                HAL_RCC_GetHCLKFreq
 .text.HAL_RCC_GetPCLK1Freq
                0x0800293c       0x28 ./Drivers/STM32F1xx_HAL_Driver/Src/stm32f1xx_hal_rcc.o
                0x0800293c                HAL_RCC_GetPCLK1Freq
 .text.HAL_RCC_GetPCLK2Freq
                0x08002964       0x28 ./Drivers/STM32F1xx_HAL_Driver/Src/stm32f1xx_hal_rcc.o
                0x08002964                HAL_RCC_GetPCLK2Freq
 .text.RCC_Delay
                0x0800298c       0x3c ./Drivers/STM32F1xx_HAL_Driver/Src/stm32f1xx_hal_rcc.o
 .text.HAL_UART_Init
                0x080029c8       0xa0 ./Drivers/STM32F1xx_HAL_Driver/Src/stm32f1xx_hal_uart.o
                0x080029c8                HAL_UART_Init
 .text.HAL_UART_Transmit
                0x08002a68      0x116 ./Drivers/STM32F1xx_HAL_Driver/Src/stm32f1xx_hal_uart.o
                0x08002a68                HAL_UART_Transmit
 .text.HAL_UART_Receive_IT
                0x08002b7e       0x4a ./Drivers/STM32F1xx_HAL_Driver/Src/stm32f1xx_hal_uart.o
                0x08002b7e                HAL_UART_Receive_IT
 .text.HAL_UART_IRQHandler
                0x08002bc8      0x524 ./Drivers/STM32F1xx_HAL_Driver/Src/stm32f1xx_hal_uart.o
                0x08002bc8                HAL_UART_IRQHandler
 .text.HAL_UART_TxCpltCallback
                0x080030ec       0x12 ./Drivers/STM32F1xx_HAL_Driver/Src/stm32f1xx_hal_uart.o
                0x080030ec                HAL_UART_TxCpltCallback
 .text.HAL_UART_ErrorCallback
                0x080030fe       0x12 ./Drivers/STM32F1xx_HAL_Driver/Src/stm32f1xx_hal_uart.o
                0x080030fe                HAL_UART_ErrorCallback
 .text.HAL_UARTEx_RxEventCallback
                0x08003110       0x16 ./Drivers/STM32F1xx_HAL_Driver/Src/stm32f1xx_hal_uart.o
                0x08003110                HAL_UARTEx_RxEventCallback
 .text.UART_WaitOnFlagUntilTimeout
                0x08003126       0xb2 ./Drivers/STM32F1xx_HAL_Driver/Src/stm32f1xx_hal_uart.o
 .text.UART_Start_Receive_IT
                0x080031d8       0x72 ./Drivers/STM32F1xx_HAL_Driver/Src/stm32f1xx_hal_uart.o
                0x080031d8                UART_Start_Receive_IT
 .text.UART_EndRxTransfer
                0x0800324a       0xc4 ./Drivers/STM32F1xx_HAL_Driver/Src/stm32f1xx_hal_uart.o
 .text.UART_DMAAbortOnError
                0x0800330e       0x28 ./Drivers/STM32F1xx_HAL_Driver/Src/stm32f1xx_hal_uart.o
 .text.UART_Transmit_IT
                0x08003336       0x9e ./Drivers/STM32F1xx_HAL_Driver/Src/stm32f1xx_hal_uart.o
 .text.UART_EndTransmit_IT
                0x080033d4       0x30 ./Drivers/STM32F1xx_HAL_Driver/Src/stm32f1xx_hal_uart.o
 .text.UART_Receive_IT
                0x08003404      0x17c ./Drivers/STM32F1xx_HAL_Driver/Src/stm32f1xx_hal_uart.o
 .text.UART_SetConfig
                0x08003580      0x11c ./Drivers/STM32F1xx_HAL_Driver/Src/stm32f1xx_hal_uart.o
 .text.memset   0x0800369c       0x10 C:/ST/STM32CubeIDE_2.0.0/STM32CubeIDE/plugins/com.st.stm32cube.ide.mcu.externaltools.gnu-tools-for-stm32.13.3.rel1.win32_1.0.100.202509120712/tools/bin/../lib/gcc/arm-none-eabi/13.3.1/../../../../arm-none-eabi/lib/thumb/v7-m/nofp\libc_nano.a(libc_a-memset.o)
                0x0800369c                memset
 .text.strncpy  0x080036ac       0x26 C:/ST/STM32CubeIDE_2.0.0/STM32CubeIDE/plugins/com.st.stm32cube.ide.mcu.externaltools.gnu-tools-for-stm32.13.3.rel1.win32_1.0.100.202509120712/tools/bin/../lib/gcc/arm-none-eabi/13.3.1/../../../../arm-none-eabi/lib/thumb/v7-m/nofp\libc_nano.a(libc_a-strncpy.o)
                0x080036ac                strncpy
 *fill*         0x080036d2        0x2 
 .text.__libc_init_array
                0x080036d4       0x48 C:/ST/STM32CubeIDE_2.0.0/STM32CubeIDE/plugins/com.st.stm32cube.ide.mcu.externaltools.gnu-tools-for-stm32.13.3.rel1.win32_1.0.100.202509120712/tools/bin/../lib/gcc/arm-none-eabi/13.3.1/../../../../arm-none-eabi/lib/thumb/v7-m/nofp\libc_nano.a(libc_a-init.o)
                0x080036d4                __libc_init_array
 *(.glue_7)
 .glue_7        0x0800371c        0x0 linker stubs
 *(.glue_7t)
 .glue_7t       0x0800371c        0x0 linker stubs
 *(.eh_frame)
 .eh_frame      0x0800371c        0x0 C:/ST/STM32CubeIDE_2.0.0/STM32CubeIDE/plugins/com.st.stm32cube.ide.mcu.externaltools.gnu-tools-for-stm32.13.3.rel1.win32_1.0.100.202509120712/tools/bin/../lib/gcc/arm-none-eabi/13.3.1/thumb/v7-m/nofp/crtbegin.o
 *(.init)
 .init          0x0800371c        0x4 C:/ST/STM32CubeIDE_2.0.0/STM32CubeIDE/plugins/com.st.stm32cube.ide.mcu.externaltools.gnu-tools-for-stm32.13.3.rel1.win32_1.0.100.202509120712/tools/bin/../lib/gcc/arm-none-eabi/13.3.1/thumb/v7-m/nofp/crti.o
                0x0800371c                _init
 .init          0x08003720        0x8 C:/ST/STM32CubeIDE_2.0.0/STM32CubeIDE/plugins/com.st.stm32cube.ide.mcu.externaltools.gnu-tools-for-stm32.13.3.rel1.win32_1.0.100.202509120712/tools/bin/../lib/gcc/arm-none-eabi/13.3.1/thumb/v7-m/nofp/crtn.o
 *(.fini)
 .fini          0x08003728        0x4 C:/ST/STM32CubeIDE_2.0.0/STM32CubeIDE/plugins/com.st.stm32cube.ide.mcu.externaltools.gnu-tools-for-stm32.13.3.rel1.win32_1.0.100.202509120712/tools/bin/../lib/gcc/arm-none-eabi/13.3.1/thumb/v7-m/nofp/crti.o
                0x08003728                _fini
 .fini          0x0800372c        0x8 C:/ST/STM32CubeIDE_2.0.0/STM32CubeIDE/plugins/com.st.stm32cube.ide.mcu.externaltools.gnu-tools-for-stm32.13.3.rel1.win32_1.0.100.202509120712/tools/bin/../lib/gcc/arm-none-eabi/13.3.1/thumb/v7-m/nofp/crtn.o
                0x08003734                        . = ALIGN (0x4)
                0x08003734                        _etext = .

.vfp11_veneer   0x08003734        0x0
 .vfp11_veneer  0x08003734        0x0 linker stubs

.v4_bx          0x08003734        0x0
 .v4_bx         0x08003734        0x0 linker stubs

.iplt           0x08003734        0x0
 .iplt          0x08003734        0x0 C:/ST/STM32CubeIDE_2.0.0/STM32CubeIDE/plugins/com.st.stm32cube.ide.mcu.externaltools.gnu-tools-for-stm32.13.3.rel1.win32_1.0.100.202509120712/tools/bin/../lib/gcc/arm-none-eabi/13.3.1/thumb/v7-m/nofp/crtbegin.o

.rodata         0x08003734      0x7d4
                0x08003734                        . = ALIGN (0x4)
 *(.rodata)
 .rodata        0x08003734       0x2a ./Core/Src/main.o
 *(.rodata*)
 *fill*         0x0800375e        0x2 
 .rodata.Font7x10
                0x08003760      0x76c ./Core/Src/fonts.o
                0x08003760                Font7x10
 .rodata.rfid_start_cmd
                0x08003ecc        0xe ./Core/Src/main.o
                0x08003ecc                rfid_start_cmd
 *fill*         0x08003eda        0x2 
 .rodata.AHBPrescTable
                0x08003edc       0x10 ./Core/Src/system_stm32f1xx.o
                0x08003edc                AHBPrescTable
 .rodata.APBPrescTable
                0x08003eec        0x8 ./Core/Src/system_stm32f1xx.o
                0x08003eec                APBPrescTable
 .rodata.aPLLMULFactorTable.1
                0x08003ef4       0x10 ./Drivers/STM32F1xx_HAL_Driver/Src/stm32f1xx_hal_rcc.o
 .rodata.aPredivFactorTable.0
                0x08003f04        0x2 ./Drivers/STM32F1xx_HAL_Driver/Src/stm32f1xx_hal_rcc.o
                0x08003f08                        . = ALIGN (0x4)
 *fill*         0x08003f06        0x2 

.ARM.extab      0x08003f08        0x0
                0x08003f08                        . = ALIGN (0x4)
 *(.ARM.extab* .gnu.linkonce.armextab.*)
                0x08003f08                        . = ALIGN (0x4)

.ARM            0x08003f08        0x8
                0x08003f08                        . = ALIGN (0x4)
                0x08003f08                        __exidx_start = .
 *(.ARM.exidx*)
 .ARM.exidx     0x08003f08        0x8 C:/ST/STM32CubeIDE_2.0.0/STM32CubeIDE/plugins/com.st.stm32cube.ide.mcu.externaltools.gnu-tools-for-stm32.13.3.rel1.win32_1.0.100.202509120712/tools/bin/../lib/gcc/arm-none-eabi/13.3.1/../../../../arm-none-eabi/lib/thumb/v7-m/nofp\libc_nano.a(libc_a-strcmp.o)
                0x08003f10                        __exidx_end = .
                0x08003f10                        . = ALIGN (0x4)

.preinit_array  0x08003f10        0x0
                0x08003f10                        . = ALIGN (0x4)
                0x08003f10                        PROVIDE (__preinit_array_start = .)
 *(.preinit_array*)
                0x08003f10                        PROVIDE (__preinit_array_end = .)
                0x08003f10                        . = ALIGN (0x4)

.init_array     0x08003f10        0x4
                0x08003f10                        . = ALIGN (0x4)
                0x08003f10                        PROVIDE (__init_array_start = .)
 *(SORT_BY_NAME(.init_array.*))
 *(.init_array*)
 .init_array    0x08003f10        0x4 C:/ST/STM32CubeIDE_2.0.0/STM32CubeIDE/plugins/com.st.stm32cube.ide.mcu.externaltools.gnu-tools-for-stm32.13.3.rel1.win32_1.0.100.202509120712/tools/bin/../lib/gcc/arm-none-eabi/13.3.1/thumb/v7-m/nofp/crtbegin.o
                0x08003f14                        PROVIDE (__init_array_end = .)
                0x08003f14                        . = ALIGN (0x4)

.fini_array     0x08003f14        0x4
                0x08003f14                        . = ALIGN (0x4)
                [!provide]                        PROVIDE (__fini_array_start = .)
 *(SORT_BY_NAME(.fini_array.*))
 *(.fini_array*)
 .fini_array    0x08003f14        0x4 C:/ST/STM32CubeIDE_2.0.0/STM32CubeIDE/plugins/com.st.stm32cube.ide.mcu.externaltools.gnu-tools-for-stm32.13.3.rel1.win32_1.0.100.202509120712/tools/bin/../lib/gcc/arm-none-eabi/13.3.1/thumb/v7-m/nofp/crtbegin.o
                [!provide]                        PROVIDE (__fini_array_end = .)
                0x08003f18                        . = ALIGN (0x4)
                0x08003f18                        _sidata = LOADADDR (.data)

.rel.dyn        0x08003f18        0x0
 .rel.iplt      0x08003f18        0x0 C:/ST/STM32CubeIDE_2.0.0/STM32CubeIDE/plugins/com.st.stm32cube.ide.mcu.externaltools.gnu-tools-for-stm32.13.3.rel1.win32_1.0.100.202509120712/tools/bin/../lib/gcc/arm-none-eabi/13.3.1/thumb/v7-m/nofp/crtbegin.o

.data           0x20000000       0x98 load address 0x08003f18
                0x20000000                        . = ALIGN (0x4)
                0x20000000                        _sdata = .
 *(.data)
 *(.data*)
 .data.Font_7x10
                0x20000000        0x8 ./Core/Src/fonts.o
                0x20000000                Font_7x10
 .data.last_epc
                0x20000008       0x81 ./Core/Src/main.o
                0x20000008                last_epc
 *fill*         0x20000089        0x3 
 .data.SystemCoreClock
                0x2000008c        0x4 ./Core/Src/system_stm32f1xx.o
                0x2000008c                SystemCoreClock
 .data.uwTickPrio
                0x20000090        0x4 ./Drivers/STM32F1xx_HAL_Driver/Src/stm32f1xx_hal.o
                0x20000090                uwTickPrio
 .data.uwTickFreq
                0x20000094        0x1 ./Drivers/STM32F1xx_HAL_Driver/Src/stm32f1xx_hal.o
                0x20000094                uwTickFreq
 *(.RamFunc)
 *(.RamFunc*)
                0x20000098                        . = ALIGN (0x4)
 *fill*         0x20000095        0x3 
                0x20000098                        _edata = .

.igot.plt       0x20000098        0x0 load address 0x08003fb0
 .igot.plt      0x20000098        0x0 C:/ST/STM32CubeIDE_2.0.0/STM32CubeIDE/plugins/com.st.stm32cube.ide.mcu.externaltools.gnu-tools-for-stm32.13.3.rel1.win32_1.0.100.202509120712/tools/bin/../lib/gcc/arm-none-eabi/13.3.1/thumb/v7-m/nofp/crtbegin.o
                0x20000098                        . = ALIGN (0x4)

.bss            0x20000098      0x6d8 load address 0x08003fb0
                0x20000098                        _sbss = .
                0x20000098                        __bss_start__ = _sbss
 *(.bss)
 .bss           0x20000098       0x1c C:/ST/STM32CubeIDE_2.0.0/STM32CubeIDE/plugins/com.st.stm32cube.ide.mcu.externaltools.gnu-tools-for-stm32.13.3.rel1.win32_1.0.100.202509120712/tools/bin/../lib/gcc/arm-none-eabi/13.3.1/thumb/v7-m/nofp/crtbegin.o
 *(.bss*)
 .bss.SH1106_Buffer
                0x200000b4      0x400 ./Core/Src/SH1106.o
 .bss.SH1106    0x200004b4        0x6 ./Core/Src/SH1106.o
 *fill*         0x200004ba        0x2 
 .bss.hi2c1     0x200004bc       0x54 ./Core/Src/i2c.o
                0x200004bc                hi2c1
 .bss.rfid_rx   0x20000510        0x1 ./Core/Src/main.o
                0x20000510                rfid_rx
 *fill*         0x20000511        0x3 
 .bss.rfid_buf  0x20000514      0x200 ./Core/Src/main.o
                0x20000514                rfid_buf
 .bss.rfid_len  0x20000714        0x2 ./Core/Src/main.o
                0x20000714                rfid_len
 *fill*         0x20000716        0x2 
 .bss.rfid_last_rx_tick
                0x20000718        0x4 ./Core/Src/main.o
                0x20000718                rfid_last_rx_tick
 .bss.last_epc_tick
                0x2000071c        0x4 ./Core/Src/main.o
                0x2000071c                last_epc_tick
 .bss.buzz_off_tick
                0x20000720        0x4 ./Core/Src/main.o
                0x20000720                buzz_off_tick
 .bss.huart2    0x20000724       0x48 ./Core/Src/usart.o
                0x20000724                huart2
 .bss.uwTick    0x2000076c        0x4 ./Drivers/STM32F1xx_HAL_Driver/Src/stm32f1xx_hal.o
                0x2000076c                uwTick
 *(COMMON)
                0x20000770                        . = ALIGN (0x4)
                0x20000770                        _ebss = .
                0x20000770                        __bss_end__ = _ebss

._user_heap_stack
                0x20000770      0x600 load address 0x08003fb0
                0x20000770                        . = ALIGN (0x8)
                [!provide]                        PROVIDE (end = .)
                0x20000770                        PROVIDE (_end = .)
                0x20000970                        . = (. + _Min_Heap_Size)
 *fill*         0x20000770      0x200 
                0x20000d70                        . = (. + _Min_Stack_Size)
 *fill*         0x20000970      0x400 
                0x20000d70                        . = ALIGN (0x8)

/DISCARD/
 libc.a(*)
 libm.a(*)
 libgcc.a(*)

.ARM.attributes
                0x00000000       0x29
 *(.ARM.attributes)
 .ARM.attributes
                0x00000000       0x1d C:/ST/STM32CubeIDE_2.0.0/STM32CubeIDE/plugins/com.st.stm32cube.ide.mcu.externaltools.gnu-tools-for-stm32.13.3.rel1.win32_1.0.100.202509120712/tools/bin/../lib/gcc/arm-none-eabi/13.3.1/thumb/v7-m/nofp/crti.o
 .ARM.attributes
                0x0000001d       0x2d C:/ST/STM32CubeIDE_2.0.0/STM32CubeIDE/plugins/com.st.stm32cube.ide.mcu.externaltools.gnu-tools-for-stm32.13.3.rel1.win32_1.0.100.202509120712/tools/bin/../lib/gcc/arm-none-eabi/13.3.1/thumb/v7-m/nofp/crtbegin.o
 .ARM.attributes
                0x0000004a       0x2d ./Core/Src/SH1106.o
 .ARM.attributes
                0x00000077       0x2d ./Core/Src/fonts.o
 .ARM.attributes
                0x000000a4       0x2d ./Core/Src/gpio.o
 .ARM.attributes
                0x000000d1       0x2d ./Core/Src/i2c.o
 .ARM.attributes
                0x000000fe       0x2d ./Core/Src/main.o
 .ARM.attributes
                0x0000012b       0x2d ./Core/Src/stm32f1xx_hal_msp.o
 .ARM.attributes
                0x00000158       0x2d ./Core/Src/stm32f1xx_it.o
 .ARM.attributes
                0x00000185       0x2d ./Core/Src/system_stm32f1xx.o
 .ARM.attributes
                0x000001b2       0x2d ./Core/Src/usart.o
 .ARM.attributes
                0x000001df       0x21 ./Core/Startup/startup_stm32f103c8tx.o
 .ARM.attributes
                0x00000200       0x2d ./Drivers/STM32F1xx_HAL_Driver/Src/stm32f1xx_hal.o
 .ARM.attributes
                0x0000022d       0x2d ./Drivers/STM32F1xx_HAL_Driver/Src/stm32f1xx_hal_cortex.o
 .ARM.attributes
                0x0000025a       0x2d ./Drivers/STM32F1xx_HAL_Driver/Src/stm32f1xx_hal_dma.o
 .ARM.attributes
                0x00000287       0x2d ./Drivers/STM32F1xx_HAL_Driver/Src/stm32f1xx_hal_gpio.o
 .ARM.attributes
                0x000002b4       0x2d ./Drivers/STM32F1xx_HAL_Driver/Src/stm32f1xx_hal_i2c.o
 .ARM.attributes
                0x000002e1       0x2d ./Drivers/STM32F1xx_HAL_Driver/Src/stm32f1xx_hal_rcc.o
 .ARM.attributes
                0x0000030e       0x2d ./Drivers/STM32F1xx_HAL_Driver/Src/stm32f1xx_hal_uart.o
 .ARM.attributes
                0x0000033b       0x2d C:/ST/STM32CubeIDE_2.0.0/STM32CubeIDE/plugins/com.st.stm32cube.ide.mcu.externaltools.gnu-tools-for-stm32.13.3.rel1.win32_1.0.100.202509120712/tools/bin/../lib/gcc/arm-none-eabi/13.3.1/../../../../arm-none-eabi/lib/thumb/v7-m/nofp\libc_nano.a(libc_a-memset.o)
 .ARM.attributes
                0x00000368       0x2d C:/ST/STM32CubeIDE_2.0.0/STM32CubeIDE/plugins/com.st.stm32cube.ide.mcu.externaltools.gnu-tools-for-stm32.13.3.rel1.win32_1.0.100.202509120712/tools/bin/../lib/gcc/arm-none-eabi/13.3.1/../../../../arm-none-eabi/lib/thumb/v7-m/nofp\libc_nano.a(libc_a-strncpy.o)
 .ARM.attributes
                0x00000395       0x2d C:/ST/STM32CubeIDE_2.0.0/STM32CubeIDE/plugins/com.st.stm32cube.ide.mcu.externaltools.gnu-tools-for-stm32.13.3.rel1.win32_1.0.100.202509120712/tools/bin/../lib/gcc/arm-none-eabi/13.3.1/../../../../arm-none-eabi/lib/thumb/v7-m/nofp\libc_nano.a(libc_a-init.o)
 .ARM.attributes
                0x000003c2       0x1b C:/ST/STM32CubeIDE_2.0.0/STM32CubeIDE/plugins/com.st.stm32cube.ide.mcu.externaltools.gnu-tools-for-stm32.13.3.rel1.win32_1.0.100.202509120712/tools/bin/../lib/gcc/arm-none-eabi/13.3.1/../../../../arm-none-eabi/lib/thumb/v7-m/nofp\libc_nano.a(libc_a-strcmp.o)
 .ARM.attributes
                0x000003dd       0x1d C:/ST/STM32CubeIDE_2.0.0/STM32CubeIDE/plugins/com.st.stm32cube.ide.mcu.externaltools.gnu-tools-for-stm32.13.3.rel1.win32_1.0.100.202509120712/tools/bin/../lib/gcc/arm-none-eabi/13.3.1/thumb/v7-m/nofp/crtn.o
OUTPUT(Security_Handle_2.elf elf32-littlearm)
LOAD linker stubs
LOAD C:/ST/STM32CubeIDE_2.0.0/STM32CubeIDE/plugins/com.st.stm32cube.ide.mcu.externaltools.gnu-tools-for-stm32.13.3.rel1.win32_1.0.100.202509120712/tools/bin/../lib/gcc/arm-none-eabi/13.3.1/../../../../arm-none-eabi/lib/thumb/v7-m/nofp\libc.a
LOAD C:/ST/STM32CubeIDE_2.0.0/STM32CubeIDE/plugins/com.st.stm32cube.ide.mcu.externaltools.gnu-tools-for-stm32.13.3.rel1.win32_1.0.100.202509120712/tools/bin/../lib/gcc/arm-none-eabi/13.3.1/../../../../arm-none-eabi/lib/thumb/v7-m/nofp\libm.a
LOAD C:/ST/STM32CubeIDE_2.0.0/STM32CubeIDE/plugins/com.st.stm32cube.ide.mcu.externaltools.gnu-tools-for-stm32.13.3.rel1.win32_1.0.100.202509120712/tools/bin/../lib/gcc/arm-none-eabi/13.3.1/thumb/v7-m/nofp\libgcc.a

.debug_info     0x00000000     0xb507
 .debug_info    0x00000000      0xf16 ./Core/Src/SH1106.o
 .debug_info    0x00000f16      0x255 ./Core/Src/fonts.o
 .debug_info    0x0000116b      0x2b7 ./Core/Src/gpio.o
 .debug_info    0x00001422      0x7e3 ./Core/Src/i2c.o
 .debug_info    0x00001c05      0xbbc ./Core/Src/main.o
 .debug_info    0x000027c1      0x1f1 ./Core/Src/stm32f1xx_hal_msp.o
 .debug_info    0x000029b2      0x5eb ./Core/Src/stm32f1xx_it.o
 .debug_info    0x00002f9d      0x222 ./Core/Src/system_stm32f1xx.o
 .debug_info    0x000031bf      0x92a ./Core/Src/usart.o
 .debug_info    0x00003ae9       0x30 ./Core/Startup/startup_stm32f103c8tx.o
 .debug_info    0x00003b19      0x704 ./Drivers/STM32F1xx_HAL_Driver/Src/stm32f1xx_hal.o
 .debug_info    0x0000421d      0xa87 ./Drivers/STM32F1xx_HAL_Driver/Src/stm32f1xx_hal_cortex.o
 .debug_info    0x00004ca4      0x6d2 ./Drivers/STM32F1xx_HAL_Driver/Src/stm32f1xx_hal_dma.o
 .debug_info    0x00005376      0x5ab ./Drivers/STM32F1xx_HAL_Driver/Src/stm32f1xx_hal_gpio.o
 .debug_info    0x00005921     0x2524 ./Drivers/STM32F1xx_HAL_Driver/Src/stm32f1xx_hal_i2c.o
 .debug_info    0x00007e45      0x7d5 ./Drivers/STM32F1xx_HAL_Driver/Src/stm32f1xx_hal_rcc.o
 .debug_info    0x0000861a     0x2eed ./Drivers/STM32F1xx_HAL_Driver/Src/stm32f1xx_hal_uart.o

.debug_abbrev   0x00000000     0x20e8
 .debug_abbrev  0x00000000      0x2a5 ./Core/Src/SH1106.o
 .debug_abbrev  0x000002a5      0x11c ./Core/Src/fonts.o
 .debug_abbrev  0x000003c1      0x13f ./Core/Src/gpio.o
 .debug_abbrev  0x00000500      0x1de ./Core/Src/i2c.o
 .debug_abbrev  0x000006de      0x335 ./Core/Src/main.o
 .debug_abbrev  0x00000a13       0xdb ./Core/Src/stm32f1xx_hal_msp.o
 .debug_abbrev  0x00000aee      0x176 ./Core/Src/stm32f1xx_it.o
 .debug_abbrev  0x00000c64      0x13f ./Core/Src/system_stm32f1xx.o
 .debug_abbrev  0x00000da3      0x205 ./Core/Src/usart.o
 .debug_abbrev  0x00000fa8       0x24 ./Core/Startup/startup_stm32f103c8tx.o
 .debug_abbrev  0x00000fcc      0x201 ./Drivers/STM32F1xx_HAL_Driver/Src/stm32f1xx_hal.o
 .debug_abbrev  0x000011cd      0x2f8 ./Drivers/STM32F1xx_HAL_Driver/Src/stm32f1xx_hal_cortex.o
 .debug_abbrev  0x000014c5      0x20b ./Drivers/STM32F1xx_HAL_Driver/Src/stm32f1xx_hal_dma.o
 .debug_abbrev  0x000016d0      0x1ca ./Drivers/STM32F1xx_HAL_Driver/Src/stm32f1xx_hal_gpio.o
 .debug_abbrev  0x0000189a      0x2a3 ./Drivers/STM32F1xx_HAL_Driver/Src/stm32f1xx_hal_i2c.o
 .debug_abbrev  0x00001b3d      0x2b3 ./Drivers/STM32F1xx_HAL_Driver/Src/stm32f1xx_hal_rcc.o
 .debug_abbrev  0x00001df0      0x2f8 ./Drivers/STM32F1xx_HAL_Driver/Src/stm32f1xx_hal_uart.o

.debug_aranges  0x00000000      0xa88
 .debug_aranges
                0x00000000       0xc8 ./Core/Src/SH1106.o
 .debug_aranges
                0x000000c8       0x20 ./Core/Src/fonts.o
 .debug_aranges
                0x000000e8       0x20 ./Core/Src/gpio.o
 .debug_aranges
                0x00000108       0x30 ./Core/Src/i2c.o
 .debug_aranges
                0x00000138       0x50 ./Core/Src/main.o
 .debug_aranges
                0x00000188       0x20 ./Core/Src/stm32f1xx_hal_msp.o
 .debug_aranges
                0x000001a8       0x68 ./Core/Src/stm32f1xx_it.o
 .debug_aranges
                0x00000210       0x28 ./Core/Src/system_stm32f1xx.o
 .debug_aranges
                0x00000238       0x30 ./Core/Src/usart.o
 .debug_aranges
                0x00000268       0x28 ./Core/Startup/startup_stm32f103c8tx.o
 .debug_aranges
                0x00000290       0xe0 ./Drivers/STM32F1xx_HAL_Driver/Src/stm32f1xx_hal.o
 .debug_aranges
                0x00000370      0x100 ./Drivers/STM32F1xx_HAL_Driver/Src/stm32f1xx_hal_cortex.o
 .debug_aranges
                0x00000470       0x80 ./Drivers/STM32F1xx_HAL_Driver/Src/stm32f1xx_hal_dma.o
 .debug_aranges
                0x000004f0       0x58 ./Drivers/STM32F1xx_HAL_Driver/Src/stm32f1xx_hal_gpio.o
 .debug_aranges
                0x00000548      0x2a8 ./Drivers/STM32F1xx_HAL_Driver/Src/stm32f1xx_hal_i2c.o
 .debug_aranges
                0x000007f0       0x90 ./Drivers/STM32F1xx_HAL_Driver/Src/stm32f1xx_hal_rcc.o
 .debug_aranges
                0x00000880      0x208 ./Drivers/STM32F1xx_HAL_Driver/Src/stm32f1xx_hal_uart.o

.debug_rnglists
                0x00000000      0x831
 .debug_rnglists
                0x00000000       0x9c ./Core/Src/SH1106.o
 .debug_rnglists
                0x0000009c       0x13 ./Core/Src/fonts.o
 .debug_rnglists
                0x000000af       0x14 ./Core/Src/gpio.o
 .debug_rnglists
                0x000000c3       0x1f ./Core/Src/i2c.o
 .debug_rnglists
                0x000000e2       0x3b ./Core/Src/main.o
 .debug_rnglists
                0x0000011d       0x13 ./Core/Src/stm32f1xx_hal_msp.o
 .debug_rnglists
                0x00000130       0x49 ./Core/Src/stm32f1xx_it.o
 .debug_rnglists
                0x00000179       0x1a ./Core/Src/system_stm32f1xx.o
 .debug_rnglists
                0x00000193       0x20 ./Core/Src/usart.o
 .debug_rnglists
                0x000001b3       0x19 ./Core/Startup/startup_stm32f103c8tx.o
 .debug_rnglists
                0x000001cc       0xa3 ./Drivers/STM32F1xx_HAL_Driver/Src/stm32f1xx_hal.o
 .debug_rnglists
                0x0000026f       0xbb ./Drivers/STM32F1xx_HAL_Driver/Src/stm32f1xx_hal_cortex.o
 .debug_rnglists
                0x0000032a       0x64 ./Drivers/STM32F1xx_HAL_Driver/Src/stm32f1xx_hal_dma.o
 .debug_rnglists
                0x0000038e       0x3f ./Drivers/STM32F1xx_HAL_Driver/Src/stm32f1xx_hal_gpio.o
 .debug_rnglists
                0x000003cd      0x23c ./Drivers/STM32F1xx_HAL_Driver/Src/stm32f1xx_hal_i2c.o
 .debug_rnglists
                0x00000609       0x6c ./Drivers/STM32F1xx_HAL_Driver/Src/stm32f1xx_hal_rcc.o
 .debug_rnglists
                0x00000675      0x1bc ./Drivers/STM32F1xx_HAL_Driver/Src/stm32f1xx_hal_uart.o

.debug_macro    0x00000000    0x178c8
 .debug_macro   0x00000000      0x2e6 ./Core/Src/SH1106.o
 .debug_macro   0x000002e6      0xacc ./Core/Src/SH1106.o
 .debug_macro   0x00000db2      0x21b ./Core/Src/SH1106.o
 .debug_macro   0x00000fcd       0x2e ./Core/Src/SH1106.o
 .debug_macro   0x00000ffb       0x22 ./Core/Src/SH1106.o
 .debug_macro   0x0000101d       0x22 ./Core/Src/SH1106.o
 .debug_macro   0x0000103f       0x8e ./Core/Src/SH1106.o
 .debug_macro   0x000010cd       0x51 ./Core/Src/SH1106.o
 .debug_macro   0x0000111e      0x103 ./Core/Src/SH1106.o
 .debug_macro   0x00001221       0x6a ./Core/Src/SH1106.o
 .debug_macro   0x0000128b      0x1df ./Core/Src/SH1106.o
 .debug_macro   0x0000146a       0x1c ./Core/Src/SH1106.o
 .debug_macro   0x00001486       0x22 ./Core/Src/SH1106.o
 .debug_macro   0x000014a8       0xbd ./Core/Src/SH1106.o
 .debug_macro   0x00001565      0xd23 ./Core/Src/SH1106.o
 .debug_macro   0x00002288     0xe09e ./Core/Src/SH1106.o
 .debug_macro   0x00010326       0x6d ./Core/Src/SH1106.o
 .debug_macro   0x00010393     0x34a2 ./Core/Src/SH1106.o
 .debug_macro   0x00013835      0x190 ./Core/Src/SH1106.o
 .debug_macro   0x000139c5       0x5c ./Core/Src/SH1106.o
 .debug_macro   0x00013a21      0x5bc ./Core/Src/SH1106.o
 .debug_macro   0x00013fdd      0x289 ./Core/Src/SH1106.o
 .debug_macro   0x00014266      0x1cb ./Core/Src/SH1106.o
 .debug_macro   0x00014431      0x114 ./Core/Src/SH1106.o
 .debug_macro   0x00014545      0x1b2 ./Core/Src/SH1106.o
 .debug_macro   0x000146f7       0x27 ./Core/Src/SH1106.o
 .debug_macro   0x0001471e      0x136 ./Core/Src/SH1106.o
 .debug_macro   0x00014854      0x1bc ./Core/Src/SH1106.o
 .debug_macro   0x00014a10       0x34 ./Core/Src/SH1106.o
 .debug_macro   0x00014a44       0x3c ./Core/Src/SH1106.o
 .debug_macro   0x00014a80       0x57 ./Core/Src/SH1106.o
 .debug_macro   0x00014ad7       0x87 ./Core/Src/SH1106.o
 .debug_macro   0x00014b5e      0x240 ./Core/Src/SH1106.o
 .debug_macro   0x00014d9e      0x287 ./Core/Src/SH1106.o
 .debug_macro   0x00015025      0x140 ./Core/Src/SH1106.o
 .debug_macro   0x00015165      0x28e ./Core/Src/SH1106.o
 .debug_macro   0x000153f3       0x83 ./Core/Src/SH1106.o
 .debug_macro   0x00015476       0x40 ./Core/Src/SH1106.o
 .debug_macro   0x000154b6       0x61 ./Core/Src/SH1106.o
 .debug_macro   0x00015517       0x24 ./Core/Src/SH1106.o
 .debug_macro   0x0001553b       0x43 ./Core/Src/SH1106.o
 .debug_macro   0x0001557e       0x34 ./Core/Src/SH1106.o
 .debug_macro   0x000155b2      0x370 ./Core/Src/SH1106.o
 .debug_macro   0x00015922       0x16 ./Core/Src/SH1106.o
 .debug_macro   0x00015938       0x4a ./Core/Src/SH1106.o
 .debug_macro   0x00015982       0x34 ./Core/Src/SH1106.o
 .debug_macro   0x000159b6       0x10 ./Core/Src/SH1106.o
 .debug_macro   0x000159c6       0x58 ./Core/Src/SH1106.o
 .debug_macro   0x00015a1e       0x8e ./Core/Src/SH1106.o
 .debug_macro   0x00015aac       0x1c ./Core/Src/SH1106.o
 .debug_macro   0x00015ac8      0x185 ./Core/Src/SH1106.o
 .debug_macro   0x00015c4d       0x10 ./Core/Src/SH1106.o
 .debug_macro   0x00015c5d       0x3c ./Core/Src/SH1106.o
 .debug_macro   0x00015c99       0x20 ./Core/Src/SH1106.o
 .debug_macro   0x00015cb9       0x16 ./Core/Src/SH1106.o
 .debug_macro   0x00015ccf       0x16 ./Core/Src/SH1106.o
 .debug_macro   0x00015ce5       0x29 ./Core/Src/SH1106.o
 .debug_macro   0x00015d0e       0x1d ./Core/Src/SH1106.o
 .debug_macro   0x00015d2b      0x270 ./Core/Src/fonts.o
 .debug_macro   0x00015f9b      0x1b1 ./Core/Src/gpio.o
 .debug_macro   0x0001614c      0x1b1 ./Core/Src/i2c.o
 .debug_macro   0x000162fd      0x312 ./Core/Src/main.o
 .debug_macro   0x0001660f      0x1a7 ./Core/Src/stm32f1xx_hal_msp.o
 .debug_macro   0x000167b6      0x1b1 ./Core/Src/stm32f1xx_it.o
 .debug_macro   0x00016967      0x198 ./Core/Src/system_stm32f1xx.o
 .debug_macro   0x00016aff      0x1b1 ./Core/Src/usart.o
 .debug_macro   0x00016cb0      0x1bc ./Drivers/STM32F1xx_HAL_Driver/Src/stm32f1xx_hal.o
 .debug_macro   0x00016e6c      0x198 ./Drivers/STM32F1xx_HAL_Driver/Src/stm32f1xx_hal_cortex.o
 .debug_macro   0x00017004      0x198 ./Drivers/STM32F1xx_HAL_Driver/Src/stm32f1xx_hal_dma.o
 .debug_macro   0x0001719c      0x203 ./Drivers/STM32F1xx_HAL_Driver/Src/stm32f1xx_hal_gpio.o
 .debug_macro   0x0001739f      0x1e6 ./Drivers/STM32F1xx_HAL_Driver/Src/stm32f1xx_hal_i2c.o
 .debug_macro   0x00017585      0x1aa ./Drivers/STM32F1xx_HAL_Driver/Src/stm32f1xx_hal_rcc.o
 .debug_macro   0x0001772f      0x199 ./Drivers/STM32F1xx_HAL_Driver/Src/stm32f1xx_hal_uart.o

.debug_line     0x00000000     0xe989
 .debug_line    0x00000000      0xf07 ./Core/Src/SH1106.o
 .debug_line    0x00000f07      0x853 ./Core/Src/fonts.o
 .debug_line    0x0000175a      0x6f5 ./Core/Src/gpio.o
 .debug_line    0x00001e4f      0x750 ./Core/Src/i2c.o
 .debug_line    0x0000259f      0xaff ./Core/Src/main.o
 .debug_line    0x0000309e      0x6e7 ./Core/Src/stm32f1xx_hal_msp.o
 .debug_line    0x00003785      0x7ad ./Core/Src/stm32f1xx_it.o
 .debug_line    0x00003f32      0x765 ./Core/Src/system_stm32f1xx.o
 .debug_line    0x00004697      0x75d ./Core/Src/usart.o
 .debug_line    0x00004df4       0x78 ./Core/Startup/startup_stm32f103c8tx.o
 .debug_line    0x00004e6c      0x996 ./Drivers/STM32F1xx_HAL_Driver/Src/stm32f1xx_hal.o
 .debug_line    0x00005802      0xb60 ./Drivers/STM32F1xx_HAL_Driver/Src/stm32f1xx_hal_cortex.o
 .debug_line    0x00006362      0xda0 ./Drivers/STM32F1xx_HAL_Driver/Src/stm32f1xx_hal_dma.o
 .debug_line    0x00007102      0x9f3 ./Drivers/STM32F1xx_HAL_Driver/Src/stm32f1xx_hal_gpio.o
 .debug_line    0x00007af5     0x3b93 ./Drivers/STM32F1xx_HAL_Driver/Src/stm32f1xx_hal_i2c.o
 .debug_line    0x0000b688      0xe4f ./Drivers/STM32F1xx_HAL_Driver/Src/stm32f1xx_hal_rcc.o
 .debug_line    0x0000c4d7     0x24b2 ./Drivers/STM32F1xx_HAL_Driver/Src/stm32f1xx_hal_uart.o

.debug_str      0x00000000    0x84635
 .debug_str     0x00000000    0x84635 ./Core/Src/SH1106.o
                              0x81f37 (size before relaxing)
 .debug_str     0x00084635        0x0 ./Core/Src/fonts.o
                              0x8154d (size before relaxing)
 .debug_str     0x00084635        0x0 ./Core/Src/gpio.o
                              0x7e470 (size before relaxing)
 .debug_str     0x00084635        0x0 ./Core/Src/i2c.o
                              0x7e92a (size before relaxing)
 .debug_str     0x00084635        0x0 ./Core/Src/main.o
                              0x81fba (size before relaxing)
 .debug_str     0x00084635        0x0 ./Core/Src/stm32f1xx_hal_msp.o
                              0x7e3f8 (size before relaxing)
 .debug_str     0x00084635        0x0 ./Core/Src/stm32f1xx_it.o
                              0x7e848 (size before relaxing)
 .debug_str     0x00084635        0x0 ./Core/Src/system_stm32f1xx.o
                              0x7e35e (size before relaxing)
 .debug_str     0x00084635        0x0 ./Core/Src/usart.o
                              0x7ebd3 (size before relaxing)
 .debug_str     0x00084635        0x0 ./Core/Startup/startup_stm32f103c8tx.o
                                 0x9c (size before relaxing)
 .debug_str     0x00084635        0x0 ./Drivers/STM32F1xx_HAL_Driver/Src/stm32f1xx_hal.o
                              0x7ea91 (size before relaxing)
 .debug_str     0x00084635        0x0 ./Drivers/STM32F1xx_HAL_Driver/Src/stm32f1xx_hal_cortex.o
                              0x7e9dd (size before relaxing)
 .debug_str     0x00084635        0x0 ./Drivers/STM32F1xx_HAL_Driver/Src/stm32f1xx_hal_dma.o
                              0x7e707 (size before relaxing)
 .debug_str     0x00084635        0x0 ./Drivers/STM32F1xx_HAL_Driver/Src/stm32f1xx_hal_gpio.o
                              0x7e6e4 (size before relaxing)
 .debug_str     0x00084635        0x0 ./Drivers/STM32F1xx_HAL_Driver/Src/stm32f1xx_hal_i2c.o
                              0x7f425 (size before relaxing)
 .debug_str     0x00084635        0x0 ./Drivers/STM32F1xx_HAL_Driver/Src/stm32f1xx_hal_rcc.o
                              0x7e78d (size before relaxing)
 .debug_str     0x00084635        0x0 ./Drivers/STM32F1xx_HAL_Driver/Src/stm32f1xx_hal_uart.o
                              0x7edfe (size before relaxing)

.comment        0x00000000       0x43
 .comment       0x00000000       0x43 ./Core/Src/SH1106.o
                                 0x44 (size before relaxing)
 .comment       0x00000043        0x0 ./Core/Src/fonts.o
                                 0x44 (size before relaxing)
 .comment       0x00000043        0x0 ./Core/Src/gpio.o
                                 0x44 (size before relaxing)
 .comment       0x00000043        0x0 ./Core/Src/i2c.o
                                 0x44 (size before relaxing)
 .comment       0x00000043        0x0 ./Core/Src/main.o
                                 0x44 (size before relaxing)
 .comment       0x00000043        0x0 ./Core/Src/stm32f1xx_hal_msp.o
                                 0x44 (size before relaxing)
 .comment       0x00000043        0x0 ./Core/Src/stm32f1xx_it.o
                                 0x44 (size before relaxing)
 .comment       0x00000043        0x0 ./Core/Src/system_stm32f1xx.o
                                 0x44 (size before relaxing)
 .comment       0x00000043        0x0 ./Core/Src/usart.o
                                 0x44 (size before relaxing)
 .comment       0x00000043        0x0 ./Drivers/STM32F1xx_HAL_Driver/Src/stm32f1xx_hal.o
                                 0x44 (size before relaxing)
 .comment       0x00000043        0x0 ./Drivers/STM32F1xx_HAL_Driver/Src/stm32f1xx_hal_cortex.o
                                 0x44 (size before relaxing)
 .comment       0x00000043        0x0 ./Drivers/STM32F1xx_HAL_Driver/Src/stm32f1xx_hal_dma.o
                                 0x44 (size before relaxing)
 .comment       0x00000043        0x0 ./Drivers/STM32F1xx_HAL_Driver/Src/stm32f1xx_hal_gpio.o
                                 0x44 (size before relaxing)
 .comment       0x00000043        0x0 ./Drivers/STM32F1xx_HAL_Driver/Src/stm32f1xx_hal_i2c.o
                                 0x44 (size before relaxing)
 .comment       0x00000043        0x0 ./Drivers/STM32F1xx_HAL_Driver/Src/stm32f1xx_hal_rcc.o
                                 0x44 (size before relaxing)
 .comment       0x00000043        0x0 ./Drivers/STM32F1xx_HAL_Driver/Src/stm32f1xx_hal_uart.o
                                 0x44 (size before relaxing)

.debug_frame    0x00000000     0x2a64
 .debug_frame   0x00000000      0x340 ./Core/Src/SH1106.o
 .debug_frame   0x00000340       0x38 ./Core/Src/fonts.o
 .debug_frame   0x00000378       0x34 ./Core/Src/gpio.o
 .debug_frame   0x000003ac       0x74 ./Core/Src/i2c.o
 .debug_frame   0x00000420       0xfc ./Core/Src/main.o
 .debug_frame   0x0000051c       0x38 ./Core/Src/stm32f1xx_hal_msp.o
 .debug_frame   0x00000554      0x120 ./Core/Src/stm32f1xx_it.o
 .debug_frame   0x00000674       0x58 ./Core/Src/system_stm32f1xx.o
 .debug_frame   0x000006cc       0x74 ./Core/Src/usart.o
 .debug_frame   0x00000740      0x334 ./Drivers/STM32F1xx_HAL_Driver/Src/stm32f1xx_hal.o
 .debug_frame   0x00000a74      0x428 ./Drivers/STM32F1xx_HAL_Driver/Src/stm32f1xx_hal_cortex.o
 .debug_frame   0x00000e9c      0x208 ./Drivers/STM32F1xx_HAL_Driver/Src/stm32f1xx_hal_dma.o
 .debug_frame   0x000010a4      0x14c ./Drivers/STM32F1xx_HAL_Driver/Src/stm32f1xx_hal_gpio.o
 .debug_frame   0x000011f0      0xc84 ./Drivers/STM32F1xx_HAL_Driver/Src/stm32f1xx_hal_i2c.o
 .debug_frame   0x00001e74      0x218 ./Drivers/STM32F1xx_HAL_Driver/Src/stm32f1xx_hal_rcc.o
 .debug_frame   0x0000208c      0x944 ./Drivers/STM32F1xx_HAL_Driver/Src/stm32f1xx_hal_uart.o
 .debug_frame   0x000029d0       0x20 C:/ST/STM32CubeIDE_2.0.0/STM32CubeIDE/plugins/com.st.stm32cube.ide.mcu.externaltools.gnu-tools-for-stm32.13.3.rel1.win32_1.0.100.202509120712/tools/bin/../lib/gcc/arm-none-eabi/13.3.1/../../../../arm-none-eabi/lib/thumb/v7-m/nofp\libc_nano.a(libc_a-memset.o)
 .debug_frame   0x000029f0       0x28 C:/ST/STM32CubeIDE_2.0.0/STM32CubeIDE/plugins/com.st.stm32cube.ide.mcu.externaltools.gnu-tools-for-stm32.13.3.rel1.win32_1.0.100.202509120712/tools/bin/../lib/gcc/arm-none-eabi/13.3.1/../../../../arm-none-eabi/lib/thumb/v7-m/nofp\libc_nano.a(libc_a-strncpy.o)
 .debug_frame   0x00002a18       0x2c C:/ST/STM32CubeIDE_2.0.0/STM32CubeIDE/plugins/com.st.stm32cube.ide.mcu.externaltools.gnu-tools-for-stm32.13.3.rel1.win32_1.0.100.202509120712/tools/bin/../lib/gcc/arm-none-eabi/13.3.1/../../../../arm-none-eabi/lib/thumb/v7-m/nofp\libc_nano.a(libc_a-init.o)
 .debug_frame   0x00002a44       0x20 C:/ST/STM32CubeIDE_2.0.0/STM32CubeIDE/plugins/com.st.stm32cube.ide.mcu.externaltools.gnu-tools-for-stm32.13.3.rel1.win32_1.0.100.202509120712/tools/bin/../lib/gcc/arm-none-eabi/13.3.1/../../../../arm-none-eabi/lib/thumb/v7-m/nofp\libc_nano.a(libc_a-strcmp.o)

.debug_line_str
                0x00000000       0x80
 .debug_line_str
                0x00000000       0x80 ./Core/Startup/startup_stm32f103c8tx.o
