../Core/Src/SH1106.c:124:6:SH1106_ToggleInvert	0	static
../Core/Src/SH1106.c:136:6:SH1106_Fill	0	static
../Core/Src/SH1106.c:141:6:SH1106_DrawPixel	12	static
../Core/Src/SH1106.c:163:6:SH1106_GotoXY	0	static
../Core/Src/SH1106.c:169:6:SH1106_Putc	56	static
../Core/Src/SH1106.c:200:6:SH1106_Puts	16	static
../Core/Src/SH1106.c:218:6:SH1106_DrawLine	56	static
../Core/Src/SH1106.c:302:6:SH1106_DrawRectangle	32	static
../Core/Src/SH1106.c:327:6:SH1106_DrawFilledRectangle	40	static
../Core/Src/SH1106.c:354:6:SH1106_DrawTriangle	40	static
../Core/Src/SH1106.c:362:6:SH1106_DrawFilledTriangle	80	static
../Core/Src/SH1106.c:418:6:SH1106_DrawCircle	56	static
../Core/Src/SH1106.c:452:6:SH1106_DrawFilledCircle	64	static
../Core/Src/SH1106.c:501:6:SH1106_I2C_WriteMulti	280	static
../Core/Src/SH1106.c:511:6:SH1106_I2C_Write	24	static
../Core/Src/SH1106.c:111:6:SH1106_UpdateScreen	16	static
../Core/Src/SH1106.c:485:6:SH1106_Clear	8	static
../Core/Src/SH1106.c:55:9:SH1106_Init	8	static
../Core/Src/SH1106.c:490:6:SH1106_ON	8	static
../Core/Src/SH1106.c:495:6:SH1106_OFF	8	static
../Core/Src/SH1106.c:518:6:SH1106_InvertDisplay	0	static
../Core/Src/SH1106.c:527:6:SH1106_DrawBitmap	64	static
