../Core/Src/main.c:155:13:bytes_to_hex	56	static
../Core/Src/main.c:166:13:OLED_Show_EPC_If_New	40	static
../Core/Src/main.c:213:13:OLED_Show_Empty_If_Needed	8	static
../Core/Src/main.c:234:13:EPC_Add_If_New	24	static
../Core/Src/main.c:259:16:EPC_Line_Count	24	static
../Core/Src/main.c:270:13:OLED_Show_EPC_List_Page	40	static
../Core/Src/main.c:336:13:EPC_Remove_Expired	16	static
../Core/Src/main.c:364:5:main	160	static
../Core/Src/main.c:535:6:SystemClock_Config	88	static
../Core/Src/main.c:578:6:HAL_UART_RxCpltCallback	24	static
../Core/Src/main.c:601:6:Error_Handler	4	static,ignoring_inline_asm
